Archive member included to satisfy reference by file (symbol)

/opt/devkitpro/libctru/lib/libctru.a(linear.o)
                              audio.o (linearAlloc)
/opt/devkitpro/libctru/lib/libctru.a(mem_pool.o)
                              /opt/devkitpro/libctru/lib/libctru.a(linear.o) (MemPool::Allocate(MemChunk&, unsigned long, int))
/opt/devkitpro/libctru/lib/libctru.a(romfs_dev.o)
                              PHL.o (romfsMount)
/opt/devkitpro/libctru/lib/libctru.a(os.o)
                              main.o (osSetSpeedupEnable)
/opt/devkitpro/libctru/lib/libctru.a(console.o)
                              system.o (consoleInit)
/opt/devkitpro/libctru/lib/libctru.a(sdmc_dev.o)
                              main.o (sdmcInit)
/opt/devkitpro/libctru/lib/libctru.a(gfx.o)
                              /opt/devkitpro/libctru/lib/libctru.a(console.o) (gfxSetScreenFormat)
/opt/devkitpro/libctru/lib/libctru.a(gx.o)
                              /opt/devkitpro/libctru/lib/libctru.a(gfx.o) (gxCmdBuf)
/opt/devkitpro/libctru/lib/libctru.a(ndsp.o)
                              audio.o (ndspInit)
/opt/devkitpro/libctru/lib/libctru.a(ndsp-channel.o)
                              audio.o (ndspChnReset)
/opt/devkitpro/libctru/lib/libctru.a(cfgu.o)
                              /opt/devkitpro/libctru/lib/libctru.a(ndsp.o) (cfguInit)
/opt/devkitpro/libctru/lib/libctru.a(gspgpu.o)
                              /opt/devkitpro/libctru/lib/libctru.a(gfx.o) (gspInit)
/opt/devkitpro/libctru/lib/libctru.a(csnd.o)
                              audio.o (csndExit)
/opt/devkitpro/libctru/lib/libctru.a(dsp.o)
                              /opt/devkitpro/libctru/lib/libctru.a(ndsp.o) (dspExit)
/opt/devkitpro/libctru/lib/libctru.a(apt.o)
                              /opt/devkitpro/libctru/lib/libctru.a(ndsp.o) (aptHook)
/opt/devkitpro/libctru/lib/libctru.a(hid.o)
                              system.o (hidScanInput)
/opt/devkitpro/libctru/lib/libctru.a(fs.o)
                              /opt/devkitpro/libctru/lib/libctru.a(sdmc_dev.o) (fsExemptFromSession)
/opt/devkitpro/libctru/lib/libctru.a(ptmsysm.o)
                              /opt/devkitpro/libctru/lib/libctru.a(os.o) (ptmSysmInit)
/opt/devkitpro/libctru/lib/libctru.a(rbtree_init.o)
                              /opt/devkitpro/libctru/lib/libctru.a(linear.o) (rbtree_init)
/opt/devkitpro/libctru/lib/libctru.a(rbtree_insert.o)
                              /opt/devkitpro/libctru/lib/libctru.a(linear.o) (rbtree_insert)
/opt/devkitpro/libctru/lib/libctru.a(rbtree_rotate.o)
                              /opt/devkitpro/libctru/lib/libctru.a(rbtree_insert.o) (rbtree_rotate)
/opt/devkitpro/libctru/lib/libctru.a(rbtree_remove.o)
                              /opt/devkitpro/libctru/lib/libctru.a(linear.o) (rbtree_remove)
/opt/devkitpro/libctru/lib/libctru.a(rbtree_find.o)
                              /opt/devkitpro/libctru/lib/libctru.a(linear.o) (rbtree_find)
/opt/devkitpro/libctru/lib/libctru.a(utf16_to_utf8.o)
                              /opt/devkitpro/libctru/lib/libctru.a(romfs_dev.o) (utf16_to_utf8)
/opt/devkitpro/libctru/lib/libctru.a(decode_utf16.o)
                              /opt/devkitpro/libctru/lib/libctru.a(utf16_to_utf8.o) (decode_utf16)
/opt/devkitpro/libctru/lib/libctru.a(decode_utf8.o)
                              /opt/devkitpro/libctru/lib/libctru.a(sdmc_dev.o) (decode_utf8)
/opt/devkitpro/libctru/lib/libctru.a(utf8_to_utf16.o)
                              /opt/devkitpro/libctru/lib/libctru.a(romfs_dev.o) (utf8_to_utf16)
/opt/devkitpro/libctru/lib/libctru.a(initSystem.o)
                              /opt/devkitpro/libctru/lib/libctru.a(apt.o) (__system_retAddr)
/opt/devkitpro/libctru/lib/libctru.a(syscalls.o)
                              /opt/devkitpro/libctru/lib/libctru.a(initSystem.o) (__system_initSyscalls)
/opt/devkitpro/libctru/lib/libctru.a(allocateHeaps.o)
                              /opt/devkitpro/libctru/lib/libctru.a(initSystem.o) (__system_allocateHeaps)
/opt/devkitpro/libctru/lib/libctru.a(initArgv.o)
                              /opt/devkitpro/libctru/lib/libctru.a(initSystem.o) (__system_initArgv)
/opt/devkitpro/libctru/lib/libctru.a(svc.o)
                              /opt/devkitpro/libctru/lib/libctru.a(allocateHeaps.o) (svcControlMemory)
/opt/devkitpro/libctru/lib/libctru.a(stack_adjust.o)
                              /opt/devkitpro/devkitARM/lib/gcc/arm-none-eabi/5.3.0/../../../../arm-none-eabi/lib/armv6k/fpu/3dsx_crt0.o (initSystem)
/opt/devkitpro/libctru/lib/libctru.a(readtp.o)
                              /opt/devkitpro/libctru/lib/libctru.a(sdmc_dev.o) (__aeabi_read_tp)
/opt/devkitpro/libctru/lib/libctru.a(default_font.bin.o)
                              /opt/devkitpro/libctru/lib/libctru.a(console.o) (default_font_bin)
/opt/devkitpro/libctru/lib/libctru.a(vram.o)
                              /opt/devkitpro/libctru/lib/libctru.a(gfx.o) (vramAlloc)
/opt/devkitpro/libctru/lib/libctru.a(mappable.o)
[...]
Memory Configuration

Name             Origin             Length             Attributes
*default*        0x00000000         0xffffffff

Linker script and memory map

                0x00100000                . = 0x100000
                0x00100000                __start__ = .

.text           0x00100000    0x4dee8
 *(.crt0)
 .crt0          0x00100000       0x94 /opt/devkitpro/devkitARM/lib/gcc/arm-none-eabi/5.3.0/../../../../arm-none-eabi/lib/armv6k/fpu/3dsx_crt0.o
                0x00100000                _start
                0x00100008                __service_ptr
                0x0010000c                __apt_appid
                0x00100010                __heap_size
                0x00100014                __linear_heap_size
                0x00100018                __system_arglist
                0x0010001c                __system_runflags
 *(.init)
 .init          0x00100094        0xc /opt/devkitpro/devkitARM/lib/gcc/arm-none-eabi/5.3.0/armv6k/fpu/crti.o
                0x00100094                _init
 .init          0x001000a0        0xc /opt/devkitpro/devkitARM/lib/gcc/arm-none-eabi/5.3.0/armv6k/fpu/crtn.o
                0x001000ac                . = ALIGN (0x4)
 *(.text)
 .text          0x001000ac      0x108 /opt/devkitpro/devkitARM/lib/gcc/arm-none-eabi/5.3.0/armv6k/fpu/crtbegin.o
 .text          0x001001b4       0x64 /opt/devkitpro/libctru/lib/libctru.a(stack_adjust.o)
                0x001001b4                initSystem
                0x001001f8                __ctru_exit
 .text          0x00100218      0x20c /opt/devkitpro/devkitARM/lib/gcc/arm-none-eabi/5.3.0/armv6k/fpu/libgcc.a(_udivsi3.o)
                0x00100218                __udivsi3
                0x00100218                __aeabi_uidiv
                0x00100404                __aeabi_uidivmod
 .text          0x00100424      0x240 /opt/devkitpro/devkitARM/lib/gcc/arm-none-eabi/5.3.0/armv6k/fpu/libgcc.a(_divsi3.o)
                0x00100424                __aeabi_idiv
                0x00100424                __divsi3
                0x00100644                __aeabi_idivmod
 .text          0x00100664        0x4 /opt/devkitpro/devkitARM/lib/gcc/arm-none-eabi/5.3.0/armv6k/fpu/libgcc.a(_dvmd_tls.o)
                0x00100664                __aeabi_ldiv0
                0x00100664                __aeabi_idiv0
 .text          0x00100668       0x3c /opt/devkitpro/devkitARM/lib/gcc/arm-none-eabi/5.3.0/armv6k/fpu/libgcc.a(_aeabi_uldivmod.o)
                0x00100668                __aeabi_uldivmod
 .text          0x001006a4      0x128 /opt/devkitpro/devkitARM/lib/gcc/arm-none-eabi/5.3.0/armv6k/fpu/libgcc.a(_udivmoddi4.o)
                0x001006a4                __udivmoddi4
 *fill*         0x001007cc       0x14 
 .text          0x001007e0      0x3a0 /opt/devkitpro/devkitARM/lib/gcc/arm-none-eabi/5.3.0/../../../../arm-none-eabi/lib/armv6k/fpu/libg.a(lib_a-strcmp.o)
                0x001007e8                strcmp
 .text          0x00100b80      0x1c4 /opt/devkitpro/devkitARM/lib/gcc/arm-none-eabi/5.3.0/../../../../arm-none-eabi/lib/armv6k/fpu/libsysbase.a(iosupport.o)
                0x00100b88                setDefaultDevice
                0x00100ba0                FindDevice
                0x00100c5c                RemoveDevice
                0x00100c88                AddDevice
                0x00100d20                GetDeviceOpTab
 .text          0x00100d44       0x7c /opt/devkitpro/devkitARM/lib/gcc/arm-none-eabi/5.3.0/../../../../arm-none-eabi/lib/armv6k/fpu/libsysbase.a(close.o)
                0x00100d44                _close_r
 .text          0x00100dc0       0x6c /opt/devkitpro/devkitARM/lib/gcc/arm-none-eabi/5.3.0/../../../../arm-none-eabi/lib/armv6k/fpu/libsysbase.a(fstat.o)
                0x00100dc0                _fstat_r
 .text          0x00100e2c       0x2c /opt/devkitpro/devkitARM/lib/gcc/arm-none-eabi/5.3.0/../../../../arm-none-eabi/lib/armv6k/fpu/libsysbase.a(gettod.o)
                0x00100e2c                _gettimeofday_r
 .text          0x00100e58        0x8 /opt/devkitpro/devkitARM/lib/gcc/arm-none-eabi/5.3.0/../../../../arm-none-eabi/lib/armv6k/fpu/libsysbase.a(isatty.o)
                0x00100e58                _isatty_r
 .text          0x00100e60       0x78 /opt/devkitpro/devkitARM/lib/gcc/arm-none-eabi/5.3.0/../../../../arm-none-eabi/lib/armv6k/fpu/libsysbase.a(lseek.o)
                0x00100e60                _lseek_r
 .text          0x00100ed8       0xc8 /opt/devkitpro/devkitARM/lib/gcc/arm-none-eabi/5.3.0/../../../../arm-none-eabi/lib/armv6k/fpu/libsysbase.a(open.o)
                0x00100ed8                _open_r
 .text          0x00100fa0       0x78 /opt/devkitpro/devkitARM/lib/gcc/arm-none-eabi/5.3.0/../../../../arm-none-eabi/lib/armv6k/fpu/libsysbase.a(read.o)
                0x00100fa0                _read_r
 .text          0x00101018       0x70 /opt/devkitpro/devkitARM/lib/gcc/arm-none-eabi/5.3.0/../../../../arm-none-eabi/lib/armv6k/fpu/libsysbase.a(sbrk.o)
                0x00101018                _sbrk_r
 .text          0x00101088       0x5c /opt/devkitpro/devkitARM/lib/gcc/arm-none-eabi/5.3.0/../../../../arm-none-eabi/lib/armv6k/fpu/libsysbase.a(unlink.o)
                0x00101088                _unlink_r
 .text          0x001010e4       0x78 /opt/devkitpro/devkitARM/lib/gcc/arm-none-eabi/5.3.0/../../../../arm-none-eabi/lib/armv6k/fpu/libsysbase.a(write.o)
                0x001010e4                _write_r
 .text          0x0010115c       0x20 /opt/devkitpro/devkitARM/lib/gcc/arm-none-eabi/5.3.0/../../../../arm-none-eabi/lib/armv6k/fpu/libsysbase.a(_exit.o)
                0x0010115c                _exit
 .text          0x0010117c      0x3b0 /opt/devkitpro/devkitARM/lib/gcc/arm-none-eabi/5.3.0/../../../../arm-none-eabi/lib/armv6k/fpu/libsysbase.a(chdir.o)
                0x0010117c                _concatenate_path
                0x00101338                chdir
                0x0010148c                getcwd
 .text          0x0010152c       0x58 /opt/devkitpro/devkitARM/lib/gcc/arm-none-eabi/5.3.0/../../../../arm-none-eabi/lib/armv6k/fpu/libsysbase.a(mkdir.o)
                0x0010152c                mkdir
 .text          0x00101584       0x10 /opt/devkitpro/devkitARM/lib/gcc/arm-none-eabi/5.3.0/../../../../arm-none-eabi/lib/armv6k/fpu/libsysbase.a(flock.o)
                0x00101584                __flockfile
                0x0010158c                __funlockfile
 .text          0x00101594      0x108 /opt/devkitpro/devkitARM/lib/gcc/arm-none-eabi/5.3.0/../../../../arm-none-eabi/lib/armv6k/fpu/libsysbase.a(syscall_support.o)
                0x00101594                __libc_lock_init
                0x001015ac                __libc_lock_acquire
                0x001015c4                __libc_lock_try_acquire
                0x001015e8                __libc_lock_release
                0x00101600                __libc_lock_close
                0x00101618                __libc_lock_init_recursive
                0x00101630                __libc_lock_acquire_recursive
                0x00101648                __libc_lock_try_acquire_recursive
                0x0010166c                __libc_lock_release_recursive
                0x00101684                __libc_lock_close_recursive
 .text          0x0010169c      0x2c4 /opt/devkitpro/devkitARM/lib/gcc/arm-none-eabi/5.3.0/../../../../arm-none-eabi/lib/armv6k/fpu/libsysbase.a(handle_manager.o)
                0x0010169c                __free_handle
                0x001016e0                __release_handle
                0x0010171c                __alloc_handle
                0x00101794                __get_handle
                0x001017b0                dup
                0x00101854                dup2
 .text          0x00101960       0x28 /opt/devkitpro/devkitARM/lib/gcc/arm-none-eabi/5.3.0/../../../../arm-none-eabi/lib/armv6k/fpu/libsysbase.a(getreent.o)
                0x00101960                __getreent
 *(.text.*)
 .text.createPlatform
                0x00101988      0x198 platform.o
                0x00101988                createPlatform
 .text.platformStep
                0x00101b20      0x518 platform.o
                0x00101b20                platformStep
 .text.platformDraw
                0x00102038       0x80 platform.o
                0x00102038                platformDraw
 .text.platformDestroy
                0x001020b8       0x2c platform.o
                0x001020b8                platformDestroy
 .text.PHL_Init
                0x001020e4       0x48 PHL.o
                0x001020e4                PHL_Init
 .text.PHL_Deinit
                0x0010212c       0x18 PHL.o
                0x0010212c                PHL_Deinit
 .text.PHL_LoadQDA
                0x00102144       0x58 PHL.o
                0x00102144                PHL_LoadQDA
 .text.PHL_DrawTextBold
                0x0010219c       0xb4 PHL.o
                0x0010219c                PHL_DrawTextBold
 .text.PHL_DrawTextBoldCentered
                0x00102250       0x48 PHL.o
                0x00102250                PHL_DrawTextBoldCentered
 .text.setHeroState.part.1
                0x00102298       0x40 hero.o
 .text.heroChangeScreen
                0x001022d8       0xc4 hero.o
                0x001022d8                heroChangeScreen
 *fill*         0x0010239c        0x4 
 .text.updateMask
                0x001023a0      0x178 hero.o
                0x001023a0                updateMask
 .text.heroDraw
                0x00102518      0x818 hero.o
                0x00102518                heroDraw
 .text.heroSetup
                0x00102d30      0x200 hero.o
                0x00102d30                heroSetup
 .text.heroHit  0x00102f30      0x170 hero.o
                0x00102f30                heroHit
 .text.heroStep
                0x001030a0     0x20e0 hero.o
                0x001030a0                heroStep
 .text.heroPoison
                0x00105180       0x30 hero.o
                0x00105180                heroPoison
 .text.heroStone
                0x001051b0       0x9c hero.o
                0x001051b0                heroStone
 .text.getHeroMask
                0x0010524c       0x30 hero.o
                0x0010524c                getHeroMask
 .text.getHeroState
                0x0010527c       0x10 hero.o
                0x0010527c                getHeroState
 .text.setHeroState
                0x0010528c       0x50 hero.o
                0x0010528c                setHeroState
 .text.getHeroInvincible
                0x001052dc       0x10 hero.o
                0x001052dc                getHeroInvincible
 .text.getHeroDirection
                0x001052ec       0x10 hero.o
                0x001052ec                getHeroDirection
 .text.setHeroDirection
                0x001052fc       0x10 hero.o
                0x001052fc                setHeroDirection
 .text.getHeroImageIndex
                0x0010530c       0x10 hero.o
                0x0010530c                getHeroImageIndex
 .text.setHeroImageIndex
                0x0010531c       0x10 hero.o
                0x0010531c                setHeroImageIndex
 .text.getHeroVsp
                0x0010532c       0x10 hero.o
                0x0010532c                getHeroVsp
 .text.getHeroHsp
                0x0010533c       0x10 hero.o
                0x0010533c                getHeroHsp
 .text.setHeroHsp
                0x0010534c       0x10 hero.o
                0x0010534c                setHeroHsp
 .text.setHeroVsp
                0x0010535c       0x10 hero.o
                0x0010535c                setHeroVsp
 .text.getHeroOnground
                0x0010536c       0x10 hero.o
                0x0010536c                getHeroOnground
 .text.setHeroOnground
                0x0010537c       0x10 hero.o
                0x0010537c                setHeroOnground
 .text.getHeroPoisoned
                0x0010538c       0x10 hero.o
                0x0010538c                getHeroPoisoned
 .text.heroStun
                0x0010539c       0x38 hero.o
                0x0010539c                heroStun
 .text.setHeroCanjump
                0x001053d4       0x10 hero.o
                0x001053d4                setHeroCanjump
 *fill*         0x001053e4        0x4 
 .text.weaponHit
                0x001053e8      0x248 weapon.o
                0x001053e8                weaponHit
 .text.weaponDraw
                0x00105630      0x3d0 weapon.o
                0x00105630                weaponDraw
 .text.updateWeaponMask
                0x00105a00      0x318 weapon.o
                0x00105a00                updateWeaponMask
 .text.addWeapon
                0x00105d18      0x520 weapon.o
                0x00105d18                addWeapon
 .text.weaponStep
                0x00106238      0xa60 weapon.o
                0x00106238                weaponStep
 .text.weaponDestroy
                0x00106c98       0x2c weapon.o
                0x00106c98                weaponDestroy
 .text.saveSettings
                0x00106cc4      0x1b4 ini.o
                0x00106cc4                saveSettings
 .text.trimString
                0x00106e78       0x78 ini.o
                0x00106e78                trimString
 .text.screenLoad
                0x00106ef0       0x60 ini.o
                0x00106ef0                screenLoad
 .text.languageLoad
                0x00106f50       0x60 ini.o
                0x00106f50                languageLoad
 .text.autosaveLoad
                0x00106fb0       0x60 ini.o
                0x00106fb0                autosaveLoad
 .text.loadSettings
                0x00107010      0x12c ini.o
                0x00107010                loadSettings
 .text.iniInit  0x0010713c       0x98 ini.o
                0x0010713c                iniInit
 .text.textInit
                0x001071d4       0xc0 text.o
                0x001071d4                textInit
 .text.textFree
                0x00107294       0x9c text.o
                0x00107294                textFree
 .text.drawText
                0x00107330       0x98 text.o
                0x00107330                drawText
 .text.drawCharacter
                0x001073c8       0x5c text.o
                0x001073c8                drawCharacter
 .text.drawTextCentered
                0x00107424       0xa4 text.o
                0x00107424                drawTextCentered
 .text.getLanguage
                0x001074c8       0x10 text.o
                0x001074c8                getLanguage
 .text.loadMessage
                0x001074d8       0x98 text.o
                0x001074d8                loadMessage
 .text.loadText
                0x00107570      0x138 text.o
                0x00107570                loadText
 .text.setLanguage
                0x001076a8       0x10 text.o
                0x001076a8                setLanguage
 .text.loadResources
                0x001076b8      0x89c game.o
                0x001076b8                loadResources
 .text.freeResources
                0x00107f54       0xd8 game.o
                0x00107f54                freeResources
 *fill*         0x0010802c        0x4 
 .text.drawHud  0x00108030      0x288 game.o
                0x00108030                drawHud
 .text.gameDraw
                0x001082b8      0x4c8 game.o
                0x001082b8                gameDraw
 .text.gameEnding
                0x00108780      0x870 game.o
                0x00108780                gameEnding
 .text.freeArrays
                0x00108ff0       0x80 game.o
                0x00108ff0                freeArrays
 .text.gameSetup
                0x00109070      0x13c game.o
                0x00109070                gameSetup
 .text.getTileType
                0x001091ac       0xe0 game.o
                0x001091ac                getTileType
 .text.writeSave
                0x0010928c      0x234 game.o
                0x0010928c                writeSave
 .text.screenTransition
                0x001094c0       0xa8 game.o
                0x001094c0                screenTransition
 .text.loadScreen
                0x00109568      0xeec game.o
                0x00109568                loadScreen
 .text.changeScreen
                0x0010a454       0x54 game.o
                0x0010a454                changeScreen
 .text.loadSave
                0x0010a4a8      0x374 game.o
                0x0010a4a8                loadSave
 .text.fileExists
                0x0010a81c       0x64 game.o
                0x0010a81c                fileExists
 .text.saveScreen
                0x0010a880      0x1c0 game.o
                0x0010a880                saveScreen
 .text.playSecret
                0x0010aa40       0x1c game.o
                0x0010aa40                playSecret
 .text.secretCountdown
                0x0010aa5c       0xa4 game.o
                0x0010aa5c                secretCountdown
 .text.gameStep
                0x0010ab00      0x220 game.o
                0x0010ab00                gameStep
 .text.getItem  0x0010ad20      0x3e0 game.o
                0x0010ad20                getItem
 .text.getDrawHP
                0x0010b100       0x10 game.o
                0x0010b100                getDrawHP
 .text.setDrawHP
                0x0010b110       0x10 game.o
                0x0010b110                setDrawHP
 .text.getLevel
                0x0010b120       0x10 game.o
                0x0010b120                getLevel
 .text.setBossRoom
                0x0010b130       0xa0 game.o
                0x0010b130                setBossRoom
 .text.setAutoSave
                0x0010b1d0       0x10 game.o
                0x0010b1d0                setAutoSave
 .text.getAutoSave
                0x0010b1e0       0x10 game.o
                0x0010b1e0                getAutoSave
 .text.loadUncommonImages
                0x0010b1f0       0xb4 game.o
                0x0010b1f0                loadUncommonImages
 .text.game     0x0010b2a4      0x1f4 game.o
                0x0010b2a4                game
 .text.enterDoor
                0x0010b498      0x248 game.o
                0x0010b498                enterDoor
 .text.optionsStep
                0x0010b6e0      0x320 options.o
                0x0010b6e0                optionsStep
 .text.optionsDraw
                0x0010ba00      0x294 options.o
                0x0010ba00                optionsDraw
 .text.options  0x0010bc94       0x8c options.o
                0x0010bc94                options
 .text.inventoryStep
                0x0010bd20      0x134 inventory.o
                0x0010bd20                inventoryStep
 .text.inventoryDraw
                0x0010be54      0x5f4 inventory.o
                0x0010be54                inventoryDraw
 .text.inventory
                0x0010c448       0x84 inventory.o
                0x0010c448                inventory
 .text.createSaveLocations
                0x0010c4cc       0x60 main.o
                0x0010c4cc                createSaveLocations
 .text.startup.main
                0x0010c52c       0x30 main.o
                0x0010c52c                main
 *fill*         0x0010c55c        0x4 
 .text.createEffectExtra
                0x0010c560      0x678 effect.o
                0x0010c560                createEffectExtra
 .text.createEffect
                0x0010cbd8       0x18 effect.o
                0x0010cbd8                createEffect
 .text.effectStep
                0x0010cbf0      0x268 effect.o
                0x0010cbf0                effectStep
 .text.effectDraw
                0x0010ce58      0x130 effect.o
                0x0010ce58                effectDraw
 .text.effectDestroy
                0x0010cf88       0x2c effect.o
                0x0010cf88                effectDestroy
 *fill*         0x0010cfb4        0x4 
 .text.createRockSmash
                0x0010cfb8      0x158 effect.o
                0x0010cfb8                createRockSmash
 .text.createSplash
                0x0010d110      0x220 effect.o
                0x0010d110                createSplash
 .text.createLavaSplash
                0x0010d330      0x220 effect.o
                0x0010d330                createLavaSplash
 .text.nullFunction
                0x0010d550        0x4 object.o
                0x0010d550                nullFunction
 .text.savePointDraw
                0x0010d554       0x60 object.o
                0x0010d554                savePointDraw
 .text.lockBlockDraw
                0x0010d5b4       0x4c object.o
                0x0010d5b4                lockBlockDraw
 .text.switchDraw
                0x0010d600       0x64 object.o
                0x0010d600                switchDraw
 .text.gateDraw
                0x0010d664       0x6c object.o
                0x0010d664                gateDraw
 .text.statueDraw
                0x0010d6d0       0x58 object.o
                0x0010d6d0                statueDraw
 .text.buttonDraw
                0x0010d728       0x98 object.o
                0x0010d728                buttonDraw
 .text.shockgateDraw
                0x0010d7c0       0x80 object.o
                0x0010d7c0                shockgateDraw
 .text.ammoDraw
                0x0010d840       0xa8 object.o
                0x0010d840                ammoDraw
 .text.chestDraw
                0x0010d8e8       0x68 object.o
                0x0010d8e8                chestDraw
 .text.doorDraw
                0x0010d950       0x6c object.o
                0x0010d950                doorDraw
 .text.generatorDraw
                0x0010d9bc       0x70 object.o
                0x0010d9bc                generatorDraw
 .text.crownDraw
                0x0010da2c       0x74 object.o
                0x0010da2c                crownDraw
 .text.savePointStep
                0x0010daa0       0xc0 object.o
                0x0010daa0                savePointStep
 .text.doorStep
                0x0010db60      0x1b4 object.o
                0x0010db60                doorStep
 *fill*         0x0010dd14        0x4 
 .text.gateStep
                0x0010dd18      0x280 object.o
                0x0010dd18                gateStep
 .text.buttonStep
                0x0010df98      0x13c object.o
                0x0010df98                buttonStep
 .text.objectDestroy
                0x0010e0d4       0x4c object.o
                0x0010e0d4                objectDestroy
 .text.ammoStep
                0x0010e120      0x388 object.o
                0x0010e120                ammoStep
 .text.secretTriggerStep
                0x0010e4a8       0xac object.o
                0x0010e4a8                secretTriggerStep
 *fill*         0x0010e554        0x4 
 .text.chestStep
                0x0010e558      0x2b8 object.o
                0x0010e558                chestStep
 .text.lockBlockStep
                0x0010e810      0x178 object.o
                0x0010e810                lockBlockStep
 .text.statueStep
                0x0010e988      0x224 object.o
                0x0010e988                statueStep
 *fill*         0x0010ebac        0x4 
 .text.generatorStep
                0x0010ebb0      0x1c0 object.o
                0x0010ebb0                generatorStep
 .text.shockgateStep
                0x0010ed70      0x118 object.o
                0x0010ed70                shockgateStep
 .text.crownStep
                0x0010ee88      0x248 object.o
                0x0010ee88                crownStep
 .text.createAmmo
                0x0010f0d0       0xd8 object.o
                0x0010f0d0                createAmmo
 .text.spawnCollectable
                0x0010f1a8       0x84 object.o
                0x0010f1a8                spawnCollectable
 .text.destroyableStep
                0x0010f22c      0x1f0 object.o
                0x0010f22c                destroyableStep
 .text.createDestroyable
                0x0010f41c       0xac object.o
                0x0010f41c                createDestroyable
 .text.createSecretTrigger
                0x0010f4c8       0xb8 object.o
                0x0010f4c8                createSecretTrigger
 .text.createChest
                0x0010f580      0x180 object.o
                0x0010f580                createChest
 .text.createSavePoint
                0x0010f700       0xd4 object.o
                0x0010f700                createSavePoint
 .text.createDoor
                0x0010f7d4      0x134 object.o
                0x0010f7d4                createDoor
 .text.createLockBlock
                0x0010f908       0xe4 object.o
                0x0010f908                createLockBlock
 .text.switchResult
                0x0010f9ec       0x6c object.o
                0x0010f9ec                switchResult
 .text.createSwitch
                0x0010fa58       0xc4 object.o
                0x0010fa58                createSwitch
 .text.switchActivate
                0x0010fb1c      0x14c object.o
                0x0010fb1c                switchActivate
 .text.switchStep
                0x0010fc68      0x128 object.o
                0x0010fc68                switchStep
 .text.createGate
                0x0010fd90       0xa0 object.o
                0x0010fd90                createGate
 .text.createStatue
                0x0010fe30       0x98 object.o
                0x0010fe30                createStatue
 .text.createFloorPad
                0x0010fec8       0xfc object.o
                0x0010fec8                createFloorPad
 .text.ladderActivate
                0x0010ffc4       0xb0 object.o
                0x0010ffc4                ladderActivate
 .text.createLadder
                0x00110074       0xf8 object.o
                0x00110074                createLadder
 .text.ladderStep
                0x0011016c       0x44 object.o
                0x0011016c                ladderStep
 .text.createGenerator
                0x001101b0       0xb8 object.o
                0x001101b0                createGenerator
 .text.createShockgate
                0x00110268       0xa8 object.o
                0x00110268                createShockgate
 .text.createCrown
                0x00110310       0xa8 object.o
                0x00110310                createCrown
 .text.checkCollisionXY
                0x001103b8      0x100 collision.o
                0x001103b8                checkCollisionXY
 .text.checkTileCollision
                0x001104b8      0x13c collision.o
                0x001104b8                checkTileCollision
 .text.getTileCollision
                0x001105f4      0x1d0 collision.o
                0x001105f4                getTileCollision
 .text.checkTileCollisionXY
                0x001107c4       0x60 collision.o
                0x001107c4                checkTileCollisionXY
 .text.getTileCollisionXY
                0x00110824       0x80 collision.o
                0x00110824                getTileCollisionXY
 .text.checkMix
                0x001108a4      0x228 collision.o
                0x001108a4                checkMix
 .text.checkCircle
                0x00110acc       0x98 collision.o
                0x00110acc                checkCircle
 .text.checkCollision
                0x00110b64      0x178 collision.o
                0x00110b64                checkCollision
 .text.getTileCollisionWeapon
                0x00110cdc      0x228 collision.o
                0x00110cdc                getTileCollisionWeapon
 .text.initQDA  0x00110f04      0x114 qda.o
                0x00110f04                initQDA
 .text.enemyDestroy
                0x00111018       0x4c enemy.o
                0x00111018                enemyDestroy
 .text.titleScreenSetup
                0x00111064       0x58 titlescreen.o
                0x00111064                titleScreenSetup
 .text.titleScreenStep
                0x001110bc      0x12c titlescreen.o
                0x001110bc                titleScreenStep
 .text.titleScreenDraw
                0x001111e8      0x188 titlescreen.o
                0x001111e8                titleScreenDraw
 .text.titleScreen
                0x00111370       0xac titlescreen.o
                0x00111370                titleScreen
 .text.PHL_MainLoop
                0x0011141c       0x28 system.o
                0x0011141c                PHL_MainLoop
 .text.PHL_GameQuit
                0x00111444       0x14 system.o
                0x00111444                PHL_GameQuit
 .text.PHL_ErrorScreen
                0x00111458       0x78 system.o
                0x00111458                PHL_ErrorScreen
 .text.PHL_AudioInit
                0x001114d0       0x34 audio.o
                0x001114d0                PHL_AudioInit
 .text.PHL_AudioClose
                0x00111504       0x24 audio.o
                0x00111504                PHL_AudioClose
 .text.loadRaw  0x00111528      0x140 audio.o
                0x00111528                loadRaw
 .text.PHL_LoadMusic
                0x00111668       0x34 audio.o
                0x00111668                PHL_LoadMusic
 .text.loadWav  0x0011169c      0x284 audio.o
                0x0011169c                loadWav
 .text.PHL_LoadSound
                0x00111920       0x14 audio.o
                0x00111920                PHL_LoadSound
 .text.PHL_PlayMusic
                0x00111934      0x124 audio.o
                0x00111934                PHL_PlayMusic
 .text.PHL_PlaySound
                0x00111a58      0x128 audio.o
                0x00111a58                PHL_PlaySound
 .text.PHL_StopMusic
                0x00111b80       0x30 audio.o
                0x00111b80                PHL_StopMusic
 .text.PHL_FreeMusic
                0x00111bb0       0x34 audio.o
                0x00111bb0                PHL_FreeMusic
 .text.PHL_FreeSound
                0x00111be4       0x34 audio.o
                0x00111be4                PHL_FreeSound
 .text.PHL_GraphicsExit
                0x00111c18        0x4 graphics.o
                0x00111c18                PHL_GraphicsExit
 .text.PHL_EndDrawing
                0x00111c1c       0x18 graphics.o
                0x00111c1c                PHL_EndDrawing
 .text.PHL_ForceScreenUpdate
                0x00111c34        0x4 graphics.o
                0x00111c34                PHL_ForceScreenUpdate
 .text.PHL_ResetDrawbuffer
                0x00111c38       0x80 graphics.o
                0x00111c38                PHL_ResetDrawbuffer
 .text.PHL_StartDrawing
                0x00111cb8       0x10 graphics.o
                0x00111cb8                PHL_StartDrawing
 .text.PHL_GraphicsInit
                0x00111cc8       0x5c graphics.o
                0x00111cc8                PHL_GraphicsInit
 .text.PHL_NewRGB
                0x00111d24       0x14 graphics.o
                0x00111d24                PHL_NewRGB
 .text.PHL_FreeSurface
                0x00111d38       0x28 graphics.o
                0x00111d38                PHL_FreeSurface
 .text.PHL_LoadBMP
                0x00111d60      0x268 graphics.o
                0x00111d60                PHL_LoadBMP
 .text.PHL_DrawRect
                0x00111fc8      0x16c graphics.o
                0x00111fc8                PHL_DrawRect
 *fill*         0x00112134        0x4 
 .text.PHL_DrawSurfacePart
                0x00112138      0x380 graphics.o
                0x00112138                PHL_DrawSurfacePart
 .text.PHL_DrawBackground
                0x001124b8       0x80 graphics.o
                0x001124b8                PHL_DrawBackground
 .text.PHL_UpdateBackground
                0x00112538      0x198 graphics.o
                0x00112538                PHL_UpdateBackground
 .text.swapScreen
                0x001126d0       0xcc graphics.o
                0x001126d0                swapScreen
 .text.updateKey.part.0
                0x0011279c       0x24 input.o
 .text.PHL_ScanInput
                0x001127c0      0x31c input.o
                0x001127c0                PHL_ScanInput
 *fill*         0x00112adc        0x4 
 .text.sealStep
                0x00112ae0      0x588 seal.o
                0x00112ae0                sealStep
 .text.sealDraw
                0x00113068      0x138 seal.o
                0x00113068                sealDraw
 .text.createSeal
                0x001131a0       0xf8 seal.o
                0x001131a0                createSeal
 .text.fishStep
                0x00113298      0x2e0 fish.o
                0x00113298                fishStep
 .text.fishDraw
                0x00113578       0xd4 fish.o
                0x00113578                fishDraw
 .text.createFish
                0x0011364c      0x108 fish.o
                0x0011364c                createFish
 *fill*         0x00113754        0x4 
 .text.slimeStep
                0x00113758      0x538 slime.o
                0x00113758                slimeStep
 .text.slimeDraw
                0x00113c90      0x130 slime.o
                0x00113c90                slimeDraw
 .text.createSlime
                0x00113dc0       0xe4 slime.o
                0x00113dc0                createSlime
 .text.boomDraw
                0x00113ea4       0x7c boomknight.o
                0x00113ea4                boomDraw
 .text.boomStep
                0x00113f20      0x168 boomknight.o
                0x00113f20                boomStep
 .text.boomknightDraw
                0x00114088       0x8c boomknight.o
                0x00114088                boomknightDraw
 *fill*         0x00114114        0x4 
 .text.createBoomknight
                0x00114118       0xf8 boomknight.o
                0x00114118                createBoomknight
 .text.createBoom
                0x00114210       0xcc boomknight.o
                0x00114210                createBoom
 *fill*         0x001142dc        0x4 
 .text.boomknightStep
                0x001142e0      0x520 boomknight.o
                0x001142e0                boomknightStep
 .text.wizardStep
                0x00114800      0x380 wizard.o
                0x00114800                wizardStep
 .text.wizardDraw
                0x00114b80       0x80 wizard.o
                0x00114b80                wizardDraw
 .text.createWizard
                0x00114c00      0x108 wizard.o
                0x00114c00                createWizard
 .text.bulletDraw
                0x00114d08       0x90 heads.o
                0x00114d08                bulletDraw
 .text.fireballDraw
                0x00114d98       0x90 heads.o
                0x00114d98                fireballDraw
 .text.laserDraw
                0x00114e28       0x80 heads.o
                0x00114e28                laserDraw
 .text.flameDraw
                0x00114ea8       0x9c heads.o
                0x00114ea8                flameDraw
 .text.rockDraw
                0x00114f44       0x74 heads.o
                0x00114f44                rockDraw
 .text.airDraw  0x00114fb8       0x70 heads.o
                0x00114fb8                airDraw
 .text.bulletStep
                0x00115028      0x268 heads.o
                0x00115028                bulletStep
 .text.fireballStep
                0x00115290      0x210 heads.o
                0x00115290                fireballStep
 .text.laserStep
                0x001154a0      0x1c8 heads.o
                0x001154a0                laserStep
 .text.flameStep
                0x00115668      0x170 heads.o
                0x00115668                flameStep
 .text.rockStep
                0x001157d8      0x308 heads.o
                0x001157d8                rockStep
 .text.airStep  0x00115ae0      0x180 heads.o
                0x00115ae0                airStep
 .text.headDraw
                0x00115c60      0x148 heads.o
                0x00115c60                headDraw
 .text.createHead
                0x00115da8      0x180 heads.o
                0x00115da8                createHead
 .text.createBullet
                0x00115f28       0xb8 heads.o
                0x00115f28                createBullet
 .text.createFireball
                0x00115fe0       0xe0 heads.o
                0x00115fe0                createFireball
 .text.createLaser
                0x001160c0       0xd0 heads.o
                0x001160c0                createLaser
 .text.createFlame
                0x00116190       0xa0 heads.o
                0x00116190                createFlame
 .text.createRock
                0x00116230       0xc8 heads.o
                0x00116230                createRock
 .text.createAir
                0x001162f8       0xac heads.o
                0x001162f8                createAir
 *fill*         0x001163a4        0x4 
 .text.headStep
                0x001163a8      0x590 heads.o
                0x001163a8                headStep
 .text.firewheelStep
                0x00116938      0x460 firewheel.o
                0x00116938                firewheelStep
 .text.firewheelDraw
                0x00116d98       0x8c firewheel.o
                0x00116d98                firewheelDraw
 *fill*         0x00116e24        0x4 
 .text.createFirewheel
                0x00116e28      0x1b8 firewheel.o
                0x00116e28                createFirewheel
 .text.pendulumStep
                0x00116fe0      0x138 pendulum.o
                0x00116fe0                pendulumStep
 .text.pendulumDraw
                0x00117118      0x138 pendulum.o
                0x00117118                pendulumDraw
 .text.createPendulum
                0x00117250       0xe8 pendulum.o
                0x00117250                createPendulum
 .text.dogDraw  0x00117338       0x8c dog.o
                0x00117338                dogDraw
 .text.createDog
                0x001173c4       0xf4 dog.o
                0x001173c4                createDog
 .text.hitWall  0x001174b8      0x100 dog.o
                0x001174b8                hitWall
 .text.dogStep  0x001175b8      0x600 dog.o
                0x001175b8                dogStep
 .text.goopDraw
                0x00117bb8       0x80 poisonknight.o
                0x00117bb8                goopDraw
 .text.goopStep
                0x00117c38      0x238 poisonknight.o
                0x00117c38                goopStep
 .text.poisonknightDraw
                0x00117e70       0x88 poisonknight.o
                0x00117e70                poisonknightDraw
 .text.createPoisonknight
                0x00117ef8       0xe8 poisonknight.o
                0x00117ef8                createPoisonknight
 .text.createGoop
                0x00117fe0       0xb4 poisonknight.o
                0x00117fe0                createGoop
 *fill*         0x00118094        0x4 
 .text.poisonknightStep
                0x00118098      0x5b0 poisonknight.o
                0x00118098                poisonknightStep
 .text.electricityDraw
                0x00118648       0x90 crab.o
                0x00118648                electricityDraw
 .text.electricityStep
                0x001186d8      0x228 crab.o
                0x001186d8                electricityStep
 .text.crabDraw
                0x00118900       0x90 crab.o
                0x00118900                crabDraw
 .text.createCrab
                0x00118990      0x158 crab.o
                0x00118990                createCrab
 .text.crabDestroy
                0x00118ae8       0x48 crab.o
                0x00118ae8                crabDestroy
 .text.createElectricity
                0x00118b30      0x100 crab.o
                0x00118b30                createElectricity
 .text.crabStep
                0x00118c30      0xbe0 crab.o
                0x00118c30                crabStep
 .text.gyraDraw
                0x00119810      0x1e8 gyra.o
                0x00119810                gyraDraw
 .text.createGyra
                0x001199f8      0x1b8 gyra.o
                0x001199f8                createGyra
 .text.gyraDestroy
                0x00119bb0       0x48 gyra.o
                0x00119bb0                gyraDestroy
 .text.gyraStep
                0x00119bf8      0x840 gyra.o
                0x00119bf8                gyraStep
 .text.dodoDraw
                0x0011a438      0x220 dodo.o
                0x0011a438                dodoDraw
 .text.createDodo
                0x0011a658      0x198 dodo.o
                0x0011a658                createDodo
 .text.dodoWallCollision
                0x0011a7f0      0x168 dodo.o
                0x0011a7f0                dodoWallCollision
 .text.dodoStep
                0x0011a958      0xbc8 dodo.o
                0x0011a958                dodoStep
 .text.thwompStep
                0x0011b520      0x6d0 thwomp.o
                0x0011b520                thwompStep
 .text.thwompDraw
                0x0011bbf0       0x80 thwomp.o
                0x0011bbf0                thwompDraw
 .text.createThwomp
                0x0011bc70      0x110 thwomp.o
                0x0011bc70                createThwomp
 .text.podobooStep
                0x0011bd80      0x390 podoboo.o
                0x0011bd80                podobooStep
 .text.podobooDraw
                0x0011c110       0x8c podoboo.o
                0x0011c110                podobooDraw
 *fill*         0x0011c19c        0x4 
 .text.createPodoboo
                0x0011c1a0      0x118 podoboo.o
                0x0011c1a0                createPodoboo
 .text.golemStep
                0x0011c2b8      0x420 golem.o
                0x0011c2b8                golemStep
 .text.golemDraw
                0x0011c6d8       0xe4 golem.o
                0x0011c6d8                golemDraw
 .text.createGolem
                0x0011c7bc       0xd8 golem.o
                0x0011c7bc                createGolem
 *fill*         0x0011c894        0x4 
 .text.pumpkinheadStep
                0x0011c898      0x3f0 pumpkin.o
                0x0011c898                pumpkinheadStep
 .text.pumpkinenemyDraw
                0x0011cc88       0x88 pumpkin.o
                0x0011cc88                pumpkinenemyDraw
 .text.pumpkinheadDraw
                0x0011cd10      0x140 pumpkin.o
                0x0011cd10                pumpkinheadDraw
 .text.createPumpkinenemy
                0x0011ce50       0xf8 pumpkin.o
                0x0011ce50                createPumpkinenemy
 .text.createPumpkinhead
                0x0011cf48       0xc4 pumpkin.o
                0x0011cf48                createPumpkinhead
 *fill*         0x0011d00c        0x4 
 .text.pumpkinenemyStep
                0x0011d010      0x568 pumpkin.o
                0x0011d010                pumpkinenemyStep
 .text.minionDraw
                0x0011d578       0x88 lolidra.o
                0x0011d578                minionDraw
 .text.minionStep
                0x0011d600      0x3a0 lolidra.o
                0x0011d600                minionStep
 .text.lolidraDraw
                0x0011d9a0       0xa8 lolidra.o
                0x0011d9a0                lolidraDraw
 .text.createLolidra
                0x0011da48      0x13c lolidra.o
                0x0011da48                createLolidra
 .text.lolidraDestroy
                0x0011db84       0x48 lolidra.o
                0x0011db84                lolidraDestroy
 *fill*         0x0011dbcc        0x4 
 .text.createMinion
                0x0011dbd0      0x120 lolidra.o
                0x0011dbd0                createMinion
 .text.lolidraStep
                0x0011dcf0      0x530 lolidra.o
                0x0011dcf0                lolidraStep
 .text.boarStep
                0x0011e220      0x688 boar.o
                0x0011e220                boarStep
 .text.boarDraw
                0x0011e8a8       0xd4 boar.o
                0x0011e8a8                boarDraw
 .text.createBoar
                0x0011e97c       0xcc boar.o
                0x0011e97c                createBoar
 .text.beeStep  0x0011ea48      0x730 bee.o
                0x0011ea48                beeStep
 .text.beeDraw  0x0011f178       0x80 bee.o
                0x0011f178                beeDraw
 .text.createBee
                0x0011f1f8       0xe0 bee.o
                0x0011f1f8                createBee
 .text.knightDraw
                0x0011f2d8      0x150 knight.o
                0x0011f2d8                knightDraw
 .text.createKnight
                0x0011f428      0x170 knight.o
                0x0011f428                createKnight
 .text.knightDestroy
                0x0011f598       0x80 knight.o
                0x0011f598                knightDestroy
 .text.knightStep
                0x0011f618      0x538 knight.o
                0x0011f618                knightStep
 .text.gasStep  0x0011fb50      0x280 gas.o
                0x0011fb50                gasStep
 .text.gasDraw  0x0011fdd0       0x6c gas.o
                0x0011fdd0                gasDraw
 .text.createGas
                0x0011fe3c       0xb8 gas.o
                0x0011fe3c                createGas
 *fill*         0x0011fef4        0x4 
 .text.batStep  0x0011fef8      0x420 bat.o
                0x0011fef8                batStep
 .text.batDraw  0x00120318       0x98 bat.o
                0x00120318                batDraw
 .text.createBat
                0x001203b0       0xc8 bat.o
                0x001203b0                createBat
 .text.waterJumperStep
                0x00120478      0x868 waterjumper.o
                0x00120478                waterJumperStep
 .text.waterJumperDraw
                0x00120ce0       0xc0 waterjumper.o
                0x00120ce0                waterJumperDraw
 .text.createWaterJumper
                0x00120da0      0x110 waterjumper.o
                0x00120da0                createWaterJumper
 .text.garmrockStep
                0x00120eb0      0x348 garm.o
                0x00120eb0                garmrockStep
 .text.garmDraw
                0x001211f8       0xf0 garm.o
                0x001211f8                garmDraw
 .text.garmrockDraw
                0x001212e8       0xc8 garm.o
                0x001212e8                garmrockDraw
 .text.createGarm
                0x001213b0      0x134 garm.o
                0x001213b0                createGarm
 .text.createGarmrock
                0x001214e4       0xd4 garm.o
                0x001214e4                createGarmrock
 .text.garmStep
                0x001215b8      0xb40 garm.o
                0x001215b8                garmStep
 .text.ghoulStep
                0x001220f8      0x6b0 ghoul.o
                0x001220f8                ghoulStep
 .text.ghoulDraw
                0x001227a8       0xb0 ghoul.o
                0x001227a8                ghoulDraw
 .text.createGhoul
                0x00122858      0x128 ghoul.o
                0x00122858                createGhoul
 .text.jellyfishStep
                0x00122980      0x600 jellyfish.o
                0x00122980                jellyfishStep
 .text.jellyfishDraw
                0x00122f80      0x100 jellyfish.o
                0x00122f80                jellyfishDraw
 .text.createJellyfish
                0x00123080       0xc0 jellyfish.o
                0x00123080                createJellyfish
 .text.slugStep
                0x00123140      0x3e0 slug.o
                0x00123140                slugStep
 .text.slugDraw
                0x00123520       0xb0 slug.o
                0x00123520                slugDraw
 .text.createSlug
                0x001235d0       0xbc slug.o
                0x001235d0                createSlug
 *fill*         0x0012368c        0x4 
 .text.orbDraw  0x00123690       0xa8 devil.o
                0x00123690                orbDraw
 .text.orbStep  0x00123738      0x248 devil.o
                0x00123738                orbStep
 .text.devilDraw
                0x00123980      0x230 devil.o
                0x00123980                devilDraw
 .text.createDevil
                0x00123bb0      0x168 devil.o
                0x00123bb0                createDevil
 .text.createOrb
                0x00123d18       0xb4 devil.o
                0x00123d18                createOrb
 *fill*         0x00123dcc        0x4 
 .text.devilStep
                0x00123dd0      0xa30 devil.o
                0x00123dd0                devilStep
 .text.skullStep
                0x00124800      0x4a0 skull.o
                0x00124800                skullStep
 .text.skullDraw
                0x00124ca0       0x98 skull.o
                0x00124ca0                skullDraw
 .text.createSkull
                0x00124d38       0xc0 skull.o
                0x00124d38                createSkull
 .text.hydragoopDraw
                0x00124df8       0x90 hydra.o
                0x00124df8                hydragoopDraw
 .text.hydrarockDraw
                0x00124e88       0x88 hydra.o
                0x00124e88                hydrarockDraw
 .text.hydraheadDraw
                0x00124f10      0x308 hydra.o
                0x00124f10                hydraheadDraw
 .text.hydragoopStep
                0x00125218      0x2b8 hydra.o
                0x00125218                hydragoopStep
 .text.hydrashockStep
                0x001254d0      0x208 hydra.o
                0x001254d0                hydrashockStep
 .text.hydraDraw
                0x001256d8       0xa0 hydra.o
                0x001256d8                hydraDraw
 .text.hydrashockDraw
                0x00125778       0x90 hydra.o
                0x00125778                hydrashockDraw
 .text.createHydrahead
                0x00125808       0xf4 hydra.o
                0x00125808                createHydrahead
 .text.createHydra
                0x001258fc      0x154 hydra.o
                0x001258fc                createHydra
 .text.checkWeaponCollision
                0x00125a50       0x98 hydra.o
                0x00125a50                checkWeaponCollision
 .text.hydrarockStep
                0x00125ae8      0x1f0 hydra.o
                0x00125ae8                hydrarockStep
 .text.createHydragoop
                0x00125cd8      0x104 hydra.o
                0x00125cd8                createHydragoop
 .text.createHydrarock
                0x00125ddc       0xe0 hydra.o
                0x00125ddc                createHydrarock
 *fill*         0x00125ebc        0x4 
 .text.hydraStep
                0x00125ec0      0xcf0 hydra.o
                0x00125ec0                hydraStep
 .text.createHydrashock
                0x00126bb0       0xe0 hydra.o
                0x00126bb0                createHydrashock
 .text.hydraheadStep
                0x00126c90      0x448 hydra.o
                0x00126c90                hydraheadStep
 .text.batbossStep
                0x001270d8      0xa50 batboss.o
                0x001270d8                batbossStep
 .text.batbossDraw
                0x00127b28       0x88 batboss.o
                0x00127b28                batbossDraw
 .text.createBatboss
                0x00127bb0      0x160 batboss.o
                0x00127bb0                createBatboss
 .text.boneDraw
                0x00127d10       0x84 skeleton.o
                0x00127d10                boneDraw
 *fill*         0x00127d94        0x4 
 .text.boneStep
                0x00127d98      0x1e0 skeleton.o
                0x00127d98                boneStep
 .text.skeletonDraw
                0x00127f78       0x8c skeleton.o
                0x00127f78                skeletonDraw
 *fill*         0x00128004        0x4 
 .text.createSkeleton
                0x00128008      0x138 skeleton.o
                0x00128008                createSkeleton
 .text.createBone
                0x00128140      0x130 skeleton.o
                0x00128140                createBone
 .text.skeletonStep
                0x00128270      0x5e8 skeleton.o
                0x00128270                skeletonStep
 .text._ZL21addrMapNodeComparatorPK11rbtree_nodeS1_
                0x00128858       0x24 /opt/devkitpro/libctru/lib/libctru.a(linear.o)
 .text._ZL21addrMapNodeDestructorP11rbtree_node
                0x0012887c        0x4 /opt/devkitpro/libctru/lib/libctru.a(linear.o)
 .text.linearMemAlign
                0x00128880      0x140 /opt/devkitpro/libctru/lib/libctru.a(linear.o)
                0x00128880                linearMemAlign
 .text.linearAlloc
                0x001289c0        0x8 /opt/devkitpro/libctru/lib/libctru.a(linear.o)
                0x001289c0                linearAlloc
 .text.linearFree
                0x001289c8       0x50 /opt/devkitpro/libctru/lib/libctru.a(linear.o)
                0x001289c8                linearFree
 .text._ZN7MemPool13CoalesceRightEP8MemBlock
                0x00128a18       0x9c /opt/devkitpro/libctru/lib/libctru.a(mem_pool.o)
                0x00128a18                MemPool::CoalesceRight(MemBlock*)
 .text._ZN7MemPool8AllocateER8MemChunkmi
                0x00128ab4      0x178 /opt/devkitpro/libctru/lib/libctru.a(mem_pool.o)
                0x00128ab4                MemPool::Allocate(MemChunk&, unsigned long, int)
 .text._ZN7MemPool10DeallocateERK8MemChunk
                0x00128c2c      0x100 /opt/devkitpro/libctru/lib/libctru.a(mem_pool.o)
                0x00128c2c                MemPool::Deallocate(MemChunk const&)
 .text.romfs_close
                0x00128d2c        0x8 /opt/devkitpro/libctru/lib/libctru.a(romfs_dev.o)
 .text.romfs_seek
                0x00128d34       0x7c /opt/devkitpro/libctru/lib/libctru.a(romfs_dev.o)
 .text.romfs_dirreset
                0x00128db0       0x28 /opt/devkitpro/libctru/lib/libctru.a(romfs_dev.o)
 .text.romfs_dirclose
                0x00128dd8        0x8 /opt/devkitpro/libctru/lib/libctru.a(romfs_dev.o)
 .text.romfs_fstat
                0x00128de0       0x78 /opt/devkitpro/libctru/lib/libctru.a(romfs_dev.o)
 .text._romfs_read_chk
                0x00128e58       0x5c /opt/devkitpro/libctru/lib/libctru.a(romfs_dev.o)
 .text.romfs_read
                0x00128eb4       0xd0 /opt/devkitpro/libctru/lib/libctru.a(romfs_dev.o)
 .text.romfs_free
                0x00128f84       0x84 /opt/devkitpro/libctru/lib/libctru.a(romfs_dev.o)
 .text.romfsMountCommon
                0x00129008      0x16c /opt/devkitpro/libctru/lib/libctru.a(romfs_dev.o)
 .text.romfs_dirnext
                0x00129174      0x24c /opt/devkitpro/libctru/lib/libctru.a(romfs_dev.o)
 .text.romfsInitMtime.isra.4
                0x001293c0       0xc0 /opt/devkitpro/libctru/lib/libctru.a(romfs_dev.o)
 .text.searchForFile.constprop.7
                0x00129480       0xb8 /opt/devkitpro/libctru/lib/libctru.a(romfs_dev.o)
 .text.searchForDir.constprop.8
                0x00129538       0xb4 /opt/devkitpro/libctru/lib/libctru.a(romfs_dev.o)
 .text.navigateToDir.constprop.6
                0x001295ec      0x1c8 /opt/devkitpro/libctru/lib/libctru.a(romfs_dev.o)
 .text.romfs_open
                0x001297b4      0x128 /opt/devkitpro/libctru/lib/libctru.a(romfs_dev.o)
 .text.romfs_stat
                0x001298dc      0x1f4 /opt/devkitpro/libctru/lib/libctru.a(romfs_dev.o)
 .text.romfs_chdir
                0x00129ad0       0x54 /opt/devkitpro/libctru/lib/libctru.a(romfs_dev.o)
 .text.romfs_diropen
                0x00129b24       0x78 /opt/devkitpro/libctru/lib/libctru.a(romfs_dev.o)
 .text.romfsMount
                0x00129b9c      0x328 /opt/devkitpro/libctru/lib/libctru.a(romfs_dev.o)
                0x00129b9c                romfsMount
 .text.romfsUnmount
                0x00129ec4       0x78 /opt/devkitpro/libctru/lib/libctru.a(romfs_dev.o)
                0x00129ec4                romfsUnmount
 .text.getSysTime
                0x00129f3c       0x58 /opt/devkitpro/libctru/lib/libctru.a(os.o)
 .text.osConvertVirtToPhys
                0x00129f94       0x4c /opt/devkitpro/libctru/lib/libctru.a(os.o)
                0x00129f94                osConvertVirtToPhys
 .text.osGetMemRegionUsed
                0x00129fe0       0x24 /opt/devkitpro/libctru/lib/libctru.a(os.o)
                0x00129fe0                osGetMemRegionUsed
 *fill*         0x0012a004        0x4 
 .text.__libctru_gtod
                0x0012a008       0xf8 /opt/devkitpro/libctru/lib/libctru.a(os.o)
                0x0012a008                __libctru_gtod
 .text.__ctru_speedup_config
                0x0012a100       0x34 /opt/devkitpro/libctru/lib/libctru.a(os.o)
                0x0012a100                __ctru_speedup_config
 .text.osSetSpeedupEnable
                0x0012a134       0x10 /opt/devkitpro/libctru/lib/libctru.a(os.o)
                0x0012a134                osSetSpeedupEnable
 .text.debug_write
                0x0012a144       0x1c /opt/devkitpro/libctru/lib/libctru.a(console.o)
                0x0012a144                debug_write
 .text.consoleDrawChar
                0x0012a160      0x1ac /opt/devkitpro/libctru/lib/libctru.a(console.o)
                0x0012a160                consoleDrawChar
 .text.consolePrintChar
                0x0012a30c      0x128 /opt/devkitpro/libctru/lib/libctru.a(console.o)
                0x0012a30c                consolePrintChar
 .text.consoleCls
                0x0012a434      0x184 /opt/devkitpro/libctru/lib/libctru.a(console.o)
 .text.consoleInit
                0x0012a5b8       0xf8 /opt/devkitpro/libctru/lib/libctru.a(console.o)
                0x0012a5b8                consoleInit
 .text.consoleClearLine
                0x0012a6b0      0x138 /opt/devkitpro/libctru/lib/libctru.a(console.o)
 .text.newRow   0x0012a7e8       0xb8 /opt/devkitpro/libctru/lib/libctru.a(console.o)
 .text.con_write
                0x0012a8a0      0x870 /opt/devkitpro/libctru/lib/libctru.a(console.o)
                0x0012a8a0                con_write
 .text.sdmc_link
                0x0012b110       0x10 /opt/devkitpro/libctru/lib/libctru.a(sdmc_dev.o)
 .text.sdmc_dirreset
                0x0012b120       0x10 /opt/devkitpro/libctru/lib/libctru.a(sdmc_dev.o)
 .text.sdmc_chmod
                0x0012b130       0x10 /opt/devkitpro/libctru/lib/libctru.a(sdmc_dev.o)
 .text.sdmc_fchmod
                0x0012b140       0x10 /opt/devkitpro/libctru/lib/libctru.a(sdmc_dev.o)
 .text.error_cmp
                0x0012b150       0x24 /opt/devkitpro/libctru/lib/libctru.a(sdmc_dev.o)
 .text.sdmc_translate_error
                0x0012b174       0x50 /opt/devkitpro/libctru/lib/libctru.a(sdmc_dev.o)
 .text.sdmc_fsync
                0x0012b1c4       0x34 /opt/devkitpro/libctru/lib/libctru.a(sdmc_dev.o)
 .text.sdmc_ftruncate
                0x0012b1f8       0x54 /opt/devkitpro/libctru/lib/libctru.a(sdmc_dev.o)
 .text.sdmc_statvfs
                0x0012b24c       0xac /opt/devkitpro/libctru/lib/libctru.a(sdmc_dev.o)
 .text.sdmc_dirclose
                0x0012b2f8       0x38 /opt/devkitpro/libctru/lib/libctru.a(sdmc_dev.o)
 .text.sdmc_dirnext
                0x0012b330      0x13c /opt/devkitpro/libctru/lib/libctru.a(sdmc_dev.o)
 .text.sdmc_close
                0x0012b46c       0x34 /opt/devkitpro/libctru/lib/libctru.a(sdmc_dev.o)
 .text.sdmc_fstat
                0x0012b4a0       0x74 /opt/devkitpro/libctru/lib/libctru.a(sdmc_dev.o)
 .text.sdmc_seek
                0x0012b514       0xc0 /opt/devkitpro/libctru/lib/libctru.a(sdmc_dev.o)
 .text.sdmc_read
                0x0012b5d4       0x8c /opt/devkitpro/libctru/lib/libctru.a(sdmc_dev.o)
 .text.sdmc_write_safe
                0x0012b660      0x110 /opt/devkitpro/libctru/lib/libctru.a(sdmc_dev.o)
 .text.sdmc_utf16path
                0x0012b770      0x1b4 /opt/devkitpro/libctru/lib/libctru.a(sdmc_dev.o)
 .text.sdmc_rmdir
                0x0012b924       0x74 /opt/devkitpro/libctru/lib/libctru.a(sdmc_dev.o)
 .text.sdmc_diropen
                0x0012b998       0xa4 /opt/devkitpro/libctru/lib/libctru.a(sdmc_dev.o)
 .text.sdmc_chdir
                0x0012ba3c       0xa0 /opt/devkitpro/libctru/lib/libctru.a(sdmc_dev.o)
 .text.sdmc_mkdir
                0x0012badc       0x98 /opt/devkitpro/libctru/lib/libctru.a(sdmc_dev.o)
 .text.sdmc_rename
                0x0012bb74      0x108 /opt/devkitpro/libctru/lib/libctru.a(sdmc_dev.o)
 .text.sdmc_unlink
                0x0012bc7c       0x74 /opt/devkitpro/libctru/lib/libctru.a(sdmc_dev.o)
 .text.sdmc_stat
                0x0012bcf0      0x108 /opt/devkitpro/libctru/lib/libctru.a(sdmc_dev.o)
 .text.sdmc_open
                0x0012bdf8      0x188 /opt/devkitpro/libctru/lib/libctru.a(sdmc_dev.o)
 .text.sdmcInit
                0x0012bf80      0x15c /opt/devkitpro/libctru/lib/libctru.a(sdmc_dev.o)
                0x0012bf80                sdmcInit
 .text.sdmcExit
                0x0012c0dc       0x54 /opt/devkitpro/libctru/lib/libctru.a(sdmc_dev.o)
                0x0012c0dc                sdmcExit
 .text.gfxSetFramebufferInfo.part.0
                0x0012c130       0x8c /opt/devkitpro/libctru/lib/libctru.a(gfx.o)
 .text.__get_bytes_per_pixel
                0x0012c1bc       0x18 /opt/devkitpro/libctru/lib/libctru.a(gfx.o)
                0x0012c1bc                __get_bytes_per_pixel
 .text.gfxSetScreenFormat
                0x0012c1d4      0x174 /opt/devkitpro/libctru/lib/libctru.a(gfx.o)
                0x0012c1d4                gfxSetScreenFormat
 .text.gfxSetDoubleBuffering
                0x0012c348       0x14 /opt/devkitpro/libctru/lib/libctru.a(gfx.o)
                0x0012c348                gfxSetDoubleBuffering
 .text.gfxSetFramebufferInfo
                0x0012c35c       0x70 /opt/devkitpro/libctru/lib/libctru.a(gfx.o)
                0x0012c35c                gfxSetFramebufferInfo
 .text.gfxWriteFramebufferInfo
                0x0012c3cc       0x88 /opt/devkitpro/libctru/lib/libctru.a(gfx.o)
                0x0012c3cc                gfxWriteFramebufferInfo
 .text.gfxInit  0x0012c454      0x1fc /opt/devkitpro/libctru/lib/libctru.a(gfx.o)
                0x0012c454                gfxInit
 .text.gfxInitDefault
                0x0012c650       0x10 /opt/devkitpro/libctru/lib/libctru.a(gfx.o)
                0x0012c650                gfxInitDefault
 .text.gfxExit  0x0012c660       0xe0 /opt/devkitpro/libctru/lib/libctru.a(gfx.o)
                0x0012c660                gfxExit
 .text.gfxGetFramebuffer
                0x0012c740       0xb0 /opt/devkitpro/libctru/lib/libctru.a(gfx.o)
                0x0012c740                gfxGetFramebuffer
 .text.gfxFlushBuffers
                0x0012c7f0       0xcc /opt/devkitpro/libctru/lib/libctru.a(gfx.o)
                0x0012c7f0                gfxFlushBuffers
 .text.gfxConfigScreen
                0x0012c8bc       0x70 /opt/devkitpro/libctru/lib/libctru.a(gfx.o)
                0x0012c8bc                gfxConfigScreen
 .text.gfxSwapBuffers
                0x0012c92c       0x20 /opt/devkitpro/libctru/lib/libctru.a(gfx.o)
                0x0012c92c                gfxSwapBuffers
 .text.gfxSwapBuffersGpu
                0x0012c94c       0x20 /opt/devkitpro/libctru/lib/libctru.a(gfx.o)
                0x0012c94c                gfxSwapBuffersGpu
 .text.ndspUpdateMaster
                0x0012c96c      0x150 /opt/devkitpro/libctru/lib/libctru.a(ndsp.o)
 .text.ndspFinalize
                0x0012cabc       0xd8 /opt/devkitpro/libctru/lib/libctru.a(ndsp.o)
 .text.ndspInitialize
                0x0012cb94      0x250 /opt/devkitpro/libctru/lib/libctru.a(ndsp.o)
 .text.ndspAptHook
                0x0012cde4       0x6c /opt/devkitpro/libctru/lib/libctru.a(ndsp.o)
 .text.ndspSync
                0x0012ce50      0x13c /opt/devkitpro/libctru/lib/libctru.a(ndsp.o)
 .text.ndspThreadMain
                0x0012cf8c       0xe0 /opt/devkitpro/libctru/lib/libctru.a(ndsp.o)
 .text.ndspInit
                0x0012d06c      0x34c /opt/devkitpro/libctru/lib/libctru.a(ndsp.o)
                0x0012d06c                ndspInit
 .text.ndspExit
                0x0012d3b8       0xc4 /opt/devkitpro/libctru/lib/libctru.a(ndsp.o)
                0x0012d3b8                ndspExit
 .text.ndspSetOutputMode
                0x0012d47c       0x34 /opt/devkitpro/libctru/lib/libctru.a(ndsp.o)
                0x0012d47c                ndspSetOutputMode
 .text.ndspSetOutputCount
                0x0012d4b0       0x34 /opt/devkitpro/libctru/lib/libctru.a(ndsp.o)
                0x0012d4b0                ndspSetOutputCount
 .text.ndspChnReset
                0x0012d4e4       0x94 /opt/devkitpro/libctru/lib/libctru.a(ndsp-channel.o)
                0x0012d4e4                ndspChnReset
 .text.ndspChnSetFormat
                0x0012d578       0x18 /opt/devkitpro/libctru/lib/libctru.a(ndsp-channel.o)
                0x0012d578                ndspChnSetFormat
 .text.ndspChnSetInterp
                0x0012d590       0x44 /opt/devkitpro/libctru/lib/libctru.a(ndsp-channel.o)
                0x0012d590                ndspChnSetInterp
 .text.ndspChnSetRate
                0x0012d5d4       0x58 /opt/devkitpro/libctru/lib/libctru.a(ndsp-channel.o)
                0x0012d5d4                ndspChnSetRate
 .text.ndspChnWaveBufClear
                0x0012d62c       0x64 /opt/devkitpro/libctru/lib/libctru.a(ndsp-channel.o)
                0x0012d62c                ndspChnWaveBufClear
 .text.ndspChnWaveBufAdd
                0x0012d690       0xb0 /opt/devkitpro/libctru/lib/libctru.a(ndsp-channel.o)
                0x0012d690                ndspChnWaveBufAdd
 .text.ndspiInitChn
                0x0012d740       0x34 /opt/devkitpro/libctru/lib/libctru.a(ndsp-channel.o)
                0x0012d740                ndspiInitChn
 .text.ndspiDirtyChn
                0x0012d774       0x2c /opt/devkitpro/libctru/lib/libctru.a(ndsp-channel.o)
                0x0012d774                ndspiDirtyChn
 .text.ndspiUpdateChn
                0x0012d7a0      0x47c /opt/devkitpro/libctru/lib/libctru.a(ndsp-channel.o)
                0x0012d7a0                ndspiUpdateChn
 .text.ndspiReadChnState
                0x0012dc1c      0x1a8 /opt/devkitpro/libctru/lib/libctru.a(ndsp-channel.o)
                0x0012dc1c                ndspiReadChnState
 .text.cfguInit
                0x0012ddc4       0xa0 /opt/devkitpro/libctru/lib/libctru.a(cfgu.o)
                0x0012ddc4                cfguInit
 .text.cfguExit
                0x0012de64       0x34 /opt/devkitpro/libctru/lib/libctru.a(cfgu.o)
                0x0012de64                cfguExit
 .text.CFGU_GetConfigInfoBlk2
                0x0012de98       0x48 /opt/devkitpro/libctru/lib/libctru.a(cfgu.o)
                0x0012de98                CFGU_GetConfigInfoBlk2
 .text.gspEventThreadMain
                0x0012dee0      0x154 /opt/devkitpro/libctru/lib/libctru.a(gspgpu.o)
 .text.gspInit  0x0012e034       0x74 /opt/devkitpro/libctru/lib/libctru.a(gspgpu.o)
                0x0012e034                gspInit
 .text.gspExit  0x0012e0a8       0x3c /opt/devkitpro/libctru/lib/libctru.a(gspgpu.o)
                0x0012e0a8                gspExit
 .text.gspInitEventHandler
                0x0012e0e4       0x84 /opt/devkitpro/libctru/lib/libctru.a(gspgpu.o)
                0x0012e0e4                gspInitEventHandler
 .text.gspExitEventHandler
                0x0012e168       0x30 /opt/devkitpro/libctru/lib/libctru.a(gspgpu.o)
                0x0012e168                gspExitEventHandler
 .text.gspWaitForEvent
                0x0012e198       0x44 /opt/devkitpro/libctru/lib/libctru.a(gspgpu.o)
                0x0012e198                gspWaitForEvent
 .text.GSPGPU_SetBufferSwap
                0x0012e1dc       0x6c /opt/devkitpro/libctru/lib/libctru.a(gspgpu.o)
                0x0012e1dc                GSPGPU_SetBufferSwap
 .text.GSPGPU_FlushDataCache
                0x0012e248       0x4c /opt/devkitpro/libctru/lib/libctru.a(gspgpu.o)
                0x0012e248                GSPGPU_FlushDataCache
 .text.GSPGPU_SetLcdForceBlack
                0x0012e294       0x34 /opt/devkitpro/libctru/lib/libctru.a(gspgpu.o)
                0x0012e294                GSPGPU_SetLcdForceBlack
 .text.GSPGPU_RegisterInterruptRelayQueue
                0x0012e2c8       0x64 /opt/devkitpro/libctru/lib/libctru.a(gspgpu.o)
                0x0012e2c8                GSPGPU_RegisterInterruptRelayQueue
 .text.GSPGPU_UnregisterInterruptRelayQueue
                0x0012e32c       0x2c /opt/devkitpro/libctru/lib/libctru.a(gspgpu.o)
                0x0012e32c                GSPGPU_UnregisterInterruptRelayQueue
 .text.GSPGPU_AcquireRight
                0x0012e358       0x48 /opt/devkitpro/libctru/lib/libctru.a(gspgpu.o)
                0x0012e358                GSPGPU_AcquireRight
 .text.GSPGPU_ReleaseRight
                0x0012e3a0       0x2c /opt/devkitpro/libctru/lib/libctru.a(gspgpu.o)
                0x0012e3a0                GSPGPU_ReleaseRight
 .text.GSPGPU_ImportDisplayCaptureInfo
                0x0012e3cc       0x80 /opt/devkitpro/libctru/lib/libctru.a(gspgpu.o)
                0x0012e3cc                GSPGPU_ImportDisplayCaptureInfo
 .text.GSPGPU_SaveVramSysArea
                0x0012e44c       0x2c /opt/devkitpro/libctru/lib/libctru.a(gspgpu.o)
                0x0012e44c                GSPGPU_SaveVramSysArea
 .text.GSPGPU_RestoreVramSysArea
                0x0012e478       0x2c /opt/devkitpro/libctru/lib/libctru.a(gspgpu.o)
                0x0012e478                GSPGPU_RestoreVramSysArea
 .text.csndExit
                0x0012e4a4       0x94 /opt/devkitpro/libctru/lib/libctru.a(csnd.o)
                0x0012e4a4                csndExit
 .text.csndAddCmd
                0x0012e538       0xcc /opt/devkitpro/libctru/lib/libctru.a(csnd.o)
                0x0012e538                csndAddCmd
 .text.csndExecCmds
                0x0012e604       0xa8 /opt/devkitpro/libctru/lib/libctru.a(csnd.o)
                0x0012e604                csndExecCmds
 .text.CSND_SetPlayState
                0x0012e6ac       0x20 /opt/devkitpro/libctru/lib/libctru.a(csnd.o)
                0x0012e6ac                CSND_SetPlayState
 .text.csndPlaySound
                0x0012e6cc      0x268 /opt/devkitpro/libctru/lib/libctru.a(csnd.o)
                0x0012e6cc                csndPlaySound
 .text.dspExit  0x0012e934       0x34 /opt/devkitpro/libctru/lib/libctru.a(dsp.o)
                0x0012e934                dspExit
 .text.DSP_FlushDataCache
                0x0012e968       0x4c /opt/devkitpro/libctru/lib/libctru.a(dsp.o)
                0x0012e968                DSP_FlushDataCache
 .text.DSP_SetSemaphore
                0x0012e9b4       0x34 /opt/devkitpro/libctru/lib/libctru.a(dsp.o)
                0x0012e9b4                DSP_SetSemaphore
 .text.DSP_SetSemaphoreMask
                0x0012e9e8       0x34 /opt/devkitpro/libctru/lib/libctru.a(dsp.o)
                0x0012e9e8                DSP_SetSemaphoreMask
 .text.DSP_GetSemaphoreHandle
                0x0012ea1c       0x38 /opt/devkitpro/libctru/lib/libctru.a(dsp.o)
                0x0012ea1c                DSP_GetSemaphoreHandle
 .text.DSP_LoadComponent
                0x0012ea54       0x64 /opt/devkitpro/libctru/lib/libctru.a(dsp.o)
                0x0012ea54                DSP_LoadComponent
 .text.DSP_UnloadComponent
                0x0012eab8       0x2c /opt/devkitpro/libctru/lib/libctru.a(dsp.o)
                0x0012eab8                DSP_UnloadComponent
 .text.dspInit  0x0012eae4       0x80 /opt/devkitpro/libctru/lib/libctru.a(dsp.o)
                0x0012eae4                dspInit
 .text.DSP_RegisterInterruptEvents
                0x0012eb64       0x44 /opt/devkitpro/libctru/lib/libctru.a(dsp.o)
                0x0012eb64                DSP_RegisterInterruptEvents
 .text.DSP_ReadPipeIfPossible
                0x0012eba8       0x70 /opt/devkitpro/libctru/lib/libctru.a(dsp.o)
                0x0012eba8                DSP_ReadPipeIfPossible
 .text.DSP_WriteProcessPipe
                0x0012ec18       0x4c /opt/devkitpro/libctru/lib/libctru.a(dsp.o)
                0x0012ec18                DSP_WriteProcessPipe
 .text.DSP_ConvertProcessAddressFromDspDram
                0x0012ec64       0x40 /opt/devkitpro/libctru/lib/libctru.a(dsp.o)
                0x0012ec64                DSP_ConvertProcessAddressFromDspDram
 .text.DSP_RecvData
                0x0012eca4       0x40 /opt/devkitpro/libctru/lib/libctru.a(dsp.o)
                0x0012eca4                DSP_RecvData
 .text.DSP_RecvDataIsReady
                0x0012ece4       0x4c /opt/devkitpro/libctru/lib/libctru.a(dsp.o)
                0x0012ece4                DSP_RecvDataIsReady
 .text._aptDebug
                0x0012ed30        0x4 /opt/devkitpro/libctru/lib/libctru.a(apt.o)
                0x0012ed30                _aptDebug
 .text.aptSendCommand
                0x0012ed34      0x12c /opt/devkitpro/libctru/lib/libctru.a(apt.o)
                0x0012ed34                aptSendCommand
 .text.aptExitProcess
                0x0012ee60       0x3c /opt/devkitpro/libctru/lib/libctru.a(apt.o)
 .text.aptHook  0x0012ee9c       0x38 /opt/devkitpro/libctru/lib/libctru.a(apt.o)
                0x0012ee9c                aptHook
 .text.aptUnhook
                0x0012eed4       0x2c /opt/devkitpro/libctru/lib/libctru.a(apt.o)
                0x0012eed4                aptUnhook
 .text.APT_InquireNotification
                0x0012ef00       0x4c /opt/devkitpro/libctru/lib/libctru.a(apt.o)
                0x0012ef00                APT_InquireNotification
 .text.aptEventHandler
                0x0012ef4c      0x198 /opt/devkitpro/libctru/lib/libctru.a(apt.o)
 .text.APT_AppletUtility
                0x0012f0e4       0x74 /opt/devkitpro/libctru/lib/libctru.a(apt.o)
                0x0012f0e4                APT_AppletUtility
 .text.aptSetSleepAllowed
                0x0012f158       0xb0 /opt/devkitpro/libctru/lib/libctru.a(apt.o)
                0x0012f158                aptSetSleepAllowed
 .text.APT_GlanceParameter
                0x0012f208       0xb4 /opt/devkitpro/libctru/lib/libctru.a(apt.o)
                0x0012f208                APT_GlanceParameter
 .text.APT_ReceiveParameter
                0x0012f2bc       0xc0 /opt/devkitpro/libctru/lib/libctru.a(apt.o)
                0x0012f2bc                APT_ReceiveParameter
 .text.aptReceiveParameter.constprop.1
                0x0012f37c       0xa8 /opt/devkitpro/libctru/lib/libctru.a(apt.o)
 *fill*         0x0012f424        0x4 
 .text.aptScreenTransfer
                0x0012f428      0x1d8 /opt/devkitpro/libctru/lib/libctru.a(apt.o)
 .text.aptWaitForWakeUp
                0x0012f600      0x224 /opt/devkitpro/libctru/lib/libctru.a(apt.o)
 .text.APT_CancelParameter
                0x0012f824       0x70 /opt/devkitpro/libctru/lib/libctru.a(apt.o)
                0x0012f824                APT_CancelParameter
 .text.aptInit  0x0012f894      0x21c /opt/devkitpro/libctru/lib/libctru.a(apt.o)
                0x0012f894                aptInit
 .text.aptClearParamQueue
                0x0012fab0       0x88 /opt/devkitpro/libctru/lib/libctru.a(apt.o)
 .text.aptMainLoop
                0x0012fb38      0x208 /opt/devkitpro/libctru/lib/libctru.a(apt.o)
                0x0012fb38                aptMainLoop
 .text.aptExit  0x0012fd40      0x148 /opt/devkitpro/libctru/lib/libctru.a(apt.o)
                0x0012fd40                aptExit
 .text.APT_CheckNew3DS
                0x0012fe88       0x70 /opt/devkitpro/libctru/lib/libctru.a(apt.o)
                0x0012fe88                APT_CheckNew3DS
 .text.hidExit  0x0012fef8       0xd8 /opt/devkitpro/libctru/lib/libctru.a(hid.o)
                0x0012fef8                hidExit
 .text.hidScanInput
                0x0012ffd0      0x238 /opt/devkitpro/libctru/lib/libctru.a(hid.o)
                0x0012ffd0                hidScanInput
 .text.hidKeysHeld
                0x00130208       0x10 /opt/devkitpro/libctru/lib/libctru.a(hid.o)
                0x00130208                hidKeysHeld
 .text.HIDUSER_GetHandles
                0x00130218       0x90 /opt/devkitpro/libctru/lib/libctru.a(hid.o)
                0x00130218                HIDUSER_GetHandles
 .text.hidInit  0x001302a8      0x184 /opt/devkitpro/libctru/lib/libctru.a(hid.o)
                0x001302a8                hidInit
 .text.fsSessionForArchive.part.0
                0x0013042c       0x28 /opt/devkitpro/libctru/lib/libctru.a(fs.o)
 .text.fsInit   0x00130454       0xcc /opt/devkitpro/libctru/lib/libctru.a(fs.o)
                0x00130454                fsInit
 .text.fsExit   0x00130520       0x38 /opt/devkitpro/libctru/lib/libctru.a(fs.o)
                0x00130520                fsExit
 .text.fsExemptFromSession
                0x00130558       0x74 /opt/devkitpro/libctru/lib/libctru.a(fs.o)
                0x00130558                fsExemptFromSession
 .text.fsUnexemptFromSession
                0x001305cc       0x54 /opt/devkitpro/libctru/lib/libctru.a(fs.o)
                0x001305cc                fsUnexemptFromSession
 .text.FSUSER_OpenFile
                0x00130620       0xbc /opt/devkitpro/libctru/lib/libctru.a(fs.o)
                0x00130620                FSUSER_OpenFile
 .text.FSUSER_OpenFileDirectly
                0x001306dc       0xd4 /opt/devkitpro/libctru/lib/libctru.a(fs.o)
                0x001306dc                FSUSER_OpenFileDirectly
 .text.FSUSER_DeleteFile
                0x001307b0       0xa4 /opt/devkitpro/libctru/lib/libctru.a(fs.o)
                0x001307b0                FSUSER_DeleteFile
 .text.FSUSER_RenameFile
                0x00130854       0xe0 /opt/devkitpro/libctru/lib/libctru.a(fs.o)
                0x00130854                FSUSER_RenameFile
 .text.FSUSER_DeleteDirectory
                0x00130934       0xa4 /opt/devkitpro/libctru/lib/libctru.a(fs.o)
                0x00130934                FSUSER_DeleteDirectory
 .text.FSUSER_CreateFile
                0x001309d8       0xbc /opt/devkitpro/libctru/lib/libctru.a(fs.o)
                0x001309d8                FSUSER_CreateFile
 .text.FSUSER_CreateDirectory
                0x00130a94       0xac /opt/devkitpro/libctru/lib/libctru.a(fs.o)
                0x00130a94                FSUSER_CreateDirectory
 .text.FSUSER_RenameDirectory
                0x00130b40       0xe0 /opt/devkitpro/libctru/lib/libctru.a(fs.o)
                0x00130b40                FSUSER_RenameDirectory
 .text.FSUSER_OpenDirectory
                0x00130c20       0xa4 /opt/devkitpro/libctru/lib/libctru.a(fs.o)
                0x00130c20                FSUSER_OpenDirectory
 .text.FSUSER_OpenArchive
                0x00130cc4       0x98 /opt/devkitpro/libctru/lib/libctru.a(fs.o)
                0x00130cc4                FSUSER_OpenArchive
 .text.FSUSER_ControlArchive
                0x00130d5c       0x9c /opt/devkitpro/libctru/lib/libctru.a(fs.o)
                0x00130d5c                FSUSER_ControlArchive
 .text.FSUSER_CloseArchive
                0x00130df8       0x74 /opt/devkitpro/libctru/lib/libctru.a(fs.o)
                0x00130df8                FSUSER_CloseArchive
 .text.FSUSER_GetSdmcArchiveResource
                0x00130e6c       0x78 /opt/devkitpro/libctru/lib/libctru.a(fs.o)
                0x00130e6c                FSUSER_GetSdmcArchiveResource
 .text.FSUSER_IsSdmcWritable
                0x00130ee4       0x64 /opt/devkitpro/libctru/lib/libctru.a(fs.o)
                0x00130ee4                FSUSER_IsSdmcWritable
 .text.FSFILE_Read
                0x00130f48       0x5c /opt/devkitpro/libctru/lib/libctru.a(fs.o)
                0x00130f48                FSFILE_Read
 .text.FSFILE_Write
                0x00130fa4       0x64 /opt/devkitpro/libctru/lib/libctru.a(fs.o)
                0x00130fa4                FSFILE_Write
 .text.FSFILE_GetSize
                0x00131008       0x3c /opt/devkitpro/libctru/lib/libctru.a(fs.o)
                0x00131008                FSFILE_GetSize
 .text.FSFILE_SetSize
                0x00131044       0x2c /opt/devkitpro/libctru/lib/libctru.a(fs.o)
                0x00131044                FSFILE_SetSize
 .text.FSFILE_Close
                0x00131070       0x3c /opt/devkitpro/libctru/lib/libctru.a(fs.o)
                0x00131070                FSFILE_Close
 .text.FSFILE_Flush
                0x001310ac       0x24 /opt/devkitpro/libctru/lib/libctru.a(fs.o)
                0x001310ac                FSFILE_Flush
 .text.FSDIR_Read
                0x001310d0       0x54 /opt/devkitpro/libctru/lib/libctru.a(fs.o)
                0x001310d0                FSDIR_Read
 .text.FSDIR_Close
                0x00131124       0x3c /opt/devkitpro/libctru/lib/libctru.a(fs.o)
                0x00131124                FSDIR_Close
 .text.ptmSysmInit
                0x00131160       0x70 /opt/devkitpro/libctru/lib/libctru.a(ptmsysm.o)
                0x00131160                ptmSysmInit
 .text.ptmSysmExit
                0x001311d0       0x34 /opt/devkitpro/libctru/lib/libctru.a(ptmsysm.o)
                0x001311d0                ptmSysmExit
 .text.PTMSYSM_ConfigureNew3DSCPU
                0x00131204       0x34 /opt/devkitpro/libctru/lib/libctru.a(ptmsysm.o)
                0x00131204                PTMSYSM_ConfigureNew3DSCPU
 .text.rbtree_init
                0x00131238       0x14 /opt/devkitpro/libctru/lib/libctru.a(rbtree_init.o)
                0x00131238                rbtree_init
 .text.do_insert
                0x0013124c      0x1d4 /opt/devkitpro/libctru/lib/libctru.a(rbtree_insert.o)
 .text.rbtree_insert
                0x00131420        0x8 /opt/devkitpro/libctru/lib/libctru.a(rbtree_insert.o)
                0x00131420                rbtree_insert
 .text.rbtree_rotate
                0x00131428       0xac /opt/devkitpro/libctru/lib/libctru.a(rbtree_rotate.o)
                0x00131428                rbtree_rotate
 .text.rbtree_remove
                0x001314d4      0x35c /opt/devkitpro/libctru/lib/libctru.a(rbtree_remove.o)
                0x001314d4                rbtree_remove
 .text.rbtree_find
                0x00131830       0x70 /opt/devkitpro/libctru/lib/libctru.a(rbtree_find.o)
                0x00131830                rbtree_find
 .text.utf16_to_utf8
                0x001318a0       0xe4 /opt/devkitpro/libctru/lib/libctru.a(utf16_to_utf8.o)
                0x001318a0                utf16_to_utf8
 .text.decode_utf16
                0x00131984       0x60 /opt/devkitpro/libctru/lib/libctru.a(decode_utf16.o)
                0x00131984                decode_utf16
 .text.decode_utf8
                0x001319e4      0x138 /opt/devkitpro/libctru/lib/libctru.a(decode_utf8.o)
                0x001319e4                decode_utf8
 .text.utf8_to_utf16
                0x00131b1c       0xbc /opt/devkitpro/libctru/lib/libctru.a(utf8_to_utf16.o)
                0x00131b1c                utf8_to_utf16
 .text.__libctru_init
                0x00131bd8       0x38 /opt/devkitpro/libctru/lib/libctru.a(initSystem.o)
                0x00131bd8                __libctru_init
 .text.__ctru_get_reent
                0x00131c10       0x30 /opt/devkitpro/libctru/lib/libctru.a(syscalls.o)
 .text.__system_initSyscalls
                0x00131c40       0xe4 /opt/devkitpro/libctru/lib/libctru.a(syscalls.o)
                0x00131c40                __system_initSyscalls
 .text.osGetMemRegionSize
                0x00131d24       0x58 /opt/devkitpro/libctru/lib/libctru.a(allocateHeaps.o)
 .text.__system_allocateHeaps
                0x00131d7c      0x104 /opt/devkitpro/libctru/lib/libctru.a(allocateHeaps.o)
                0x00131d7c                __system_allocateHeaps
 .text.__system_initArgv
                0x00131e80       0xf0 /opt/devkitpro/libctru/lib/libctru.a(initArgv.o)
                0x00131e80                __system_initArgv
 .text.svcControlMemory
                0x00131f70       0x20 /opt/devkitpro/libctru/lib/libctru.a(svc.o)
                0x00131f70                svcControlMemory
 .text.svcExitProcess
                0x00131f90        0x8 /opt/devkitpro/libctru/lib/libctru.a(svc.o)
                0x00131f90                svcExitProcess
 .text.svcCreateThread
                0x00131f98       0x20 /opt/devkitpro/libctru/lib/libctru.a(svc.o)
                0x00131f98                svcCreateThread
 .text.svcExitThread
                0x00131fb8        0x8 /opt/devkitpro/libctru/lib/libctru.a(svc.o)
                0x00131fb8                svcExitThread
 .text.svcSleepThread
                0x00131fc0        0x8 /opt/devkitpro/libctru/lib/libctru.a(svc.o)
                0x00131fc0                svcSleepThread
 .text.svcReleaseMutex
                0x00131fc8        0x8 /opt/devkitpro/libctru/lib/libctru.a(svc.o)
                0x00131fc8                svcReleaseMutex
 .text.svcCreateEvent
                0x00131fd0       0x14 /opt/devkitpro/libctru/lib/libctru.a(svc.o)
                0x00131fd0                svcCreateEvent
 .text.svcSignalEvent
                0x00131fe4        0x8 /opt/devkitpro/libctru/lib/libctru.a(svc.o)
                0x00131fe4                svcSignalEvent
 .text.svcClearEvent
                0x00131fec        0x8 /opt/devkitpro/libctru/lib/libctru.a(svc.o)
                0x00131fec                svcClearEvent
 .text.svcMapMemoryBlock
                0x00131ff4        0x8 /opt/devkitpro/libctru/lib/libctru.a(svc.o)
                0x00131ff4                svcMapMemoryBlock
 .text.svcUnmapMemoryBlock
                0x00131ffc        0x8 /opt/devkitpro/libctru/lib/libctru.a(svc.o)
                0x00131ffc                svcUnmapMemoryBlock
 .text.svcCreateAddressArbiter
                0x00132004       0x14 /opt/devkitpro/libctru/lib/libctru.a(svc.o)
                0x00132004                svcCreateAddressArbiter
 .text.svcArbitrateAddress
                0x00132018       0x18 /opt/devkitpro/libctru/lib/libctru.a(svc.o)
                0x00132018                svcArbitrateAddress
 .text.svcCloseHandle
                0x00132030        0x8 /opt/devkitpro/libctru/lib/libctru.a(svc.o)
                0x00132030                svcCloseHandle
 .text.svcWaitSynchronization
                0x00132038        0x8 /opt/devkitpro/libctru/lib/libctru.a(svc.o)
                0x00132038                svcWaitSynchronization
 .text.svcWaitSynchronizationN
                0x00132040       0x28 /opt/devkitpro/libctru/lib/libctru.a(svc.o)
                0x00132040                svcWaitSynchronizationN
 .text.svcDuplicateHandle
                0x00132068       0x14 /opt/devkitpro/libctru/lib/libctru.a(svc.o)
                0x00132068                svcDuplicateHandle
 .text.svcGetSystemTick
                0x0013207c        0x8 /opt/devkitpro/libctru/lib/libctru.a(svc.o)
                0x0013207c                svcGetSystemTick
 .text.svcGetSystemInfo
                0x00132084       0x18 /opt/devkitpro/libctru/lib/libctru.a(svc.o)
                0x00132084                svcGetSystemInfo
 .text.svcConnectToPort
                0x0013209c       0x14 /opt/devkitpro/libctru/lib/libctru.a(svc.o)
                0x0013209c                svcConnectToPort
 .text.svcSendSyncRequest
                0x001320b0        0x8 /opt/devkitpro/libctru/lib/libctru.a(svc.o)
                0x001320b0                svcSendSyncRequest
 .text.svcBreak
                0x001320b8        0x8 /opt/devkitpro/libctru/lib/libctru.a(svc.o)
                0x001320b8                svcBreak
 .text.svcOutputDebugString
                0x001320c0        0x8 /opt/devkitpro/libctru/lib/libctru.a(svc.o)
                0x001320c0                svcOutputDebugString
 .text.__aeabi_read_tp
                0x001320c8        0xc /opt/devkitpro/libctru/lib/libctru.a(readtp.o)
                0x001320c8                __aeabi_read_tp
 .text._ZL21addrMapNodeComparatorPK11rbtree_nodeS1_
                0x001320d4       0x24 /opt/devkitpro/libctru/lib/libctru.a(vram.o)
 .text._ZL21addrMapNodeDestructorP11rbtree_node
                0x001320f8        0x4 /opt/devkitpro/libctru/lib/libctru.a(vram.o)
 .text.vramMemAlign
                0x001320fc      0x130 /opt/devkitpro/libctru/lib/libctru.a(vram.o)
                0x001320fc                vramMemAlign
 .text.vramAlloc
                0x0013222c        0x8 /opt/devkitpro/libctru/lib/libctru.a(vram.o)
                0x0013222c                vramAlloc
 .text.vramFree
                0x00132234       0x50 /opt/devkitpro/libctru/lib/libctru.a(vram.o)
                0x00132234                vramFree
 .text._ZL21addrMapNodeComparatorPK11rbtree_nodeS1_
                0x00132284       0x24 /opt/devkitpro/libctru/lib/libctru.a(mappable.o)
 .text._ZL21addrMapNodeDestructorP11rbtree_node
                0x001322a8        0x4 /opt/devkitpro/libctru/lib/libctru.a(mappable.o)
 .text.mappableAlloc
                0x001322ac       0xf4 /opt/devkitpro/libctru/lib/libctru.a(mappable.o)
                0x001322ac                mappableAlloc
 .text.mappableFree
                0x001323a0       0x50 /opt/devkitpro/libctru/lib/libctru.a(mappable.o)
                0x001323a0                mappableFree
 .text.LightLock_Unlock.part.1
                0x001323f0       0x34 /opt/devkitpro/libctru/lib/libctru.a(synchronization.o)
 .text.__sync_init
                0x00132424        0xc /opt/devkitpro/libctru/lib/libctru.a(synchronization.o)
                0x00132424                __sync_init
 .text.__sync_fini
                0x00132430       0x18 /opt/devkitpro/libctru/lib/libctru.a(synchronization.o)
                0x00132430                __sync_fini
 .text.__sync_get_arbiter
                0x00132448       0x10 /opt/devkitpro/libctru/lib/libctru.a(synchronization.o)
                0x00132448                __sync_get_arbiter
 .text.LightLock_Init
                0x00132458       0x18 /opt/devkitpro/libctru/lib/libctru.a(synchronization.o)
                0x00132458                LightLock_Init
 .text.LightLock_Lock
                0x00132470       0x94 /opt/devkitpro/libctru/lib/libctru.a(synchronization.o)
                0x00132470                LightLock_Lock
 .text.LightLock_TryLock
                0x00132504       0x34 /opt/devkitpro/libctru/lib/libctru.a(synchronization.o)
                0x00132504                LightLock_TryLock
 .text.LightLock_Unlock
                0x00132538       0x20 /opt/devkitpro/libctru/lib/libctru.a(synchronization.o)
                0x00132538                LightLock_Unlock
 .text.RecursiveLock_Init
                0x00132558       0x24 /opt/devkitpro/libctru/lib/libctru.a(synchronization.o)
                0x00132558                RecursiveLock_Init
 .text.RecursiveLock_Lock
                0x0013257c       0x30 /opt/devkitpro/libctru/lib/libctru.a(synchronization.o)
                0x0013257c                RecursiveLock_Lock
 .text.RecursiveLock_TryLock
                0x001325ac       0x58 /opt/devkitpro/libctru/lib/libctru.a(synchronization.o)
                0x001325ac                RecursiveLock_TryLock
 .text.RecursiveLock_Unlock
                0x00132604       0x38 /opt/devkitpro/libctru/lib/libctru.a(synchronization.o)
                0x00132604                RecursiveLock_Unlock
 .text.LightEvent_Init
                0x0013263c       0x38 /opt/devkitpro/libctru/lib/libctru.a(synchronization.o)
                0x0013263c                LightEvent_Init
 .text.LightEvent_Clear
                0x00132674       0x7c /opt/devkitpro/libctru/lib/libctru.a(synchronization.o)
                0x00132674                LightEvent_Clear
 .text.LightEvent_Signal
                0x001326f0       0xdc /opt/devkitpro/libctru/lib/libctru.a(synchronization.o)
                0x001326f0                LightEvent_Signal
 .text.LightEvent_Wait
                0x001327cc       0xc8 /opt/devkitpro/libctru/lib/libctru.a(synchronization.o)
                0x001327cc                LightEvent_Wait
 .text.envGetHandle
                0x00132894       0x94 /opt/devkitpro/libctru/lib/libctru.a(env.o)
                0x00132894                envGetHandle
 .text.envDestroyHandles
                0x00132928       0x4c /opt/devkitpro/libctru/lib/libctru.a(env.o)
                0x00132928                envDestroyHandles
 .text.srvExit  0x00132974       0x50 /opt/devkitpro/libctru/lib/libctru.a(srv.o)
                0x00132974                srvExit
 .text.srvRegisterClient
                0x001329c4       0x38 /opt/devkitpro/libctru/lib/libctru.a(srv.o)
                0x001329c4                srvRegisterClient
 .text.srvInit  0x001329fc       0x70 /opt/devkitpro/libctru/lib/libctru.a(srv.o)
                0x001329fc                srvInit
 .text.srvGetServiceHandleDirect
                0x00132a6c       0x68 /opt/devkitpro/libctru/lib/libctru.a(srv.o)
                0x00132a6c                srvGetServiceHandleDirect
 .text.srvGetServiceHandle
                0x00132ad4       0x38 /opt/devkitpro/libctru/lib/libctru.a(srv.o)
                0x00132ad4                srvGetServiceHandle
 .text.threadCreate
                0x00132b0c      0x1c8 /opt/devkitpro/libctru/lib/libctru.a(thread.o)
                0x00132b0c                threadCreate
 .text.threadJoin
                0x00132cd4       0x24 /opt/devkitpro/libctru/lib/libctru.a(thread.o)
                0x00132cd4                threadJoin
 .text.threadExit
                0x00132cf8       0x6c /opt/devkitpro/libctru/lib/libctru.a(thread.o)
                0x00132cf8                threadExit
 .text._thread_begin
                0x00132d64       0x40 /opt/devkitpro/libctru/lib/libctru.a(thread.o)
 .text.irrstScanInput
                0x00132da4       0xb0 /opt/devkitpro/libctru/lib/libctru.a(irrst.o)
                0x00132da4                irrstScanInput
 .text.irrstKeysHeld
                0x00132e54       0x1c /opt/devkitpro/libctru/lib/libctru.a(irrst.o)
                0x00132e54                irrstKeysHeld
 .text.IRRST_GetHandles
                0x00132e70       0x50 /opt/devkitpro/libctru/lib/libctru.a(irrst.o)
                0x00132e70                IRRST_GetHandles
 .text.irrstInit
                0x00132ec0      0x148 /opt/devkitpro/libctru/lib/libctru.a(irrst.o)
                0x00132ec0                irrstInit
 .text.IRRST_Shutdown
                0x00133008       0x2c /opt/devkitpro/libctru/lib/libctru.a(irrst.o)
                0x00133008                IRRST_Shutdown
 .text.irrstExit
                0x00133034       0xb0 /opt/devkitpro/libctru/lib/libctru.a(irrst.o)
                0x00133034                irrstExit
 .text.rbtree_node_next
                0x001330e4       0x8c /opt/devkitpro/libctru/lib/libctru.a(rbtree_iterator.o)
                0x001330e4                rbtree_node_next
 .text.encode_utf16
                0x00133170       0x68 /opt/devkitpro/libctru/lib/libctru.a(encode_utf16.o)
                0x00133170                encode_utf16
 .text.encode_utf8
                0x001331d8      0x104 /opt/devkitpro/libctru/lib/libctru.a(encode_utf8.o)
                0x001331d8                encode_utf8
 .text.__appInit
                0x001332dc       0x1c /opt/devkitpro/libctru/lib/libctru.a(appInit.o)
                0x001332dc                __appInit
 .text.__appExit
                0x001332f8       0x1c /opt/devkitpro/libctru/lib/libctru.a(appExit.o)
                0x001332f8                __appExit
 .text.__libctru_exit
                0x00133314       0xa4 /opt/devkitpro/libctru/lib/libctru.a(ctru_exit.o)
                0x00133314                __libctru_exit
 .text.cos      0x001333b8       0xc8 /opt/devkitpro/devkitARM/lib/gcc/arm-none-eabi/5.3.0/../../../../arm-none-eabi/lib/armv6k/fpu/libm.a(lib_a-s_cos.o)
                0x001333b8                cos
 .text.floor    0x00133480      0x180 /opt/devkitpro/devkitARM/lib/gcc/arm-none-eabi/5.3.0/../../../../arm-none-eabi/lib/armv6k/fpu/libm.a(lib_a-s_floor.o)
                0x00133480                floor